Archive member included because of file (symbol)

C:/Users/Victor/Documents/sloeber-workspace/mp3-player/Release/arduino.ar(start.S.o)
                              (__start__)
C:/Users/Victor/Documents/sloeber-workspace/mp3-player/Release/arduino.ar(start_c.c.o)
                              (start_c)
C:/Users/Victor/Documents/sloeber-workspace/mp3-player/Release/arduino.ar(board.cpp.o)
                              ./I2S.cpp.o (PIN_MAP)
C:/Users/Victor/Documents/sloeber-workspace/mp3-player/Release/arduino.ar(wirish_digital_f1.cpp.o)
                              ./libraries/SdFat/src/SpiDriver/SdSpiSTM32F1.cpp.o (pinMode(unsigned char, WiringPinMode))
C:/Users/Victor/Documents/sloeber-workspace/mp3-player/Release/arduino.ar(usb.c.o)
                              (__irq_usb_lp_can_rx0)
C:/Users/Victor/Documents/sloeber-workspace/mp3-player/Release/arduino.ar(usb_cdcacm.c.o)
                              C:/Users/Victor/Documents/sloeber-workspace/mp3-player/Release/arduino.ar(usb.c.o) (User_Standard_Requests)
C:/Users/Victor/Documents/sloeber-workspace/mp3-player/Release/arduino.ar(usb_reg_map.c.o)
                              C:/Users/Victor/Documents/sloeber-workspace/mp3-player/Release/arduino.ar(usb_cdcacm.c.o) (usb_set_ep_rx_count)
C:/Users/Victor/Documents/sloeber-workspace/mp3-player/Release/arduino.ar(isrs.S.o)
                              (__exc_nmi)
C:/Users/Victor/Documents/sloeber-workspace/mp3-player/Release/arduino.ar(vector_table.S.o)
                              (__stm32_vector_table)
C:/Users/Victor/Documents/sloeber-workspace/mp3-player/Release/arduino.ar(adc_f1.c.o)
                              C:/Users/Victor/Documents/sloeber-workspace/mp3-player/Release/arduino.ar(board.cpp.o) (adc1)
C:/Users/Victor/Documents/sloeber-workspace/mp3-player/Release/arduino.ar(dma.c.o)
                              ./I2S.cpp.o (dma_init)
C:/Users/Victor/Documents/sloeber-workspace/mp3-player/Release/arduino.ar(dma_f1.c.o)
                              ./libraries/SPI/src/SPI.cpp.o (dma_set_priority)
C:/Users/Victor/Documents/sloeber-workspace/mp3-player/Release/arduino.ar(gpio_f1.c.o)
                              ./I2S.cpp.o (gpio_set_mode)
C:/Users/Victor/Documents/sloeber-workspace/mp3-player/Release/arduino.ar(rcc.c.o)
                              ./libraries/SPI/src/SPI.cpp.o (rcc_dev_clk)
C:/Users/Victor/Documents/sloeber-workspace/mp3-player/Release/arduino.ar(rcc_f1.c.o)
                              ./I2S.cpp.o (rcc_clk_enable)
C:/Users/Victor/Documents/sloeber-workspace/mp3-player/Release/arduino.ar(spi.c.o)
                              ./libraries/SPI/src/SPI.cpp.o (spi_init)
C:/Users/Victor/Documents/sloeber-workspace/mp3-player/Release/arduino.ar(spi_f1.c.o)
                              ./libraries/SPI/src/SPI.cpp.o (spi_config_gpios)
C:/Users/Victor/Documents/sloeber-workspace/mp3-player/Release/arduino.ar(systick.c.o)
                              ./libraries/SdFat/src/SdCard/SdSpiCard.cpp.o (systick_uptime_millis)
C:/Users/Victor/Documents/sloeber-workspace/mp3-player/Release/arduino.ar(timer.c.o)
                              ./I2S.cpp.o (timer_set_mode)
C:/Users/Victor/Documents/sloeber-workspace/mp3-player/Release/arduino.ar(usart_f1.c.o)
                              C:/Users/Victor/Documents/sloeber-workspace/mp3-player/Release/arduino.ar(board.cpp.o) (UART5)
C:/Users/Victor/Documents/sloeber-workspace/mp3-player/Release/arduino.ar(usart_private.c.o)
                              C:/Users/Victor/Documents/sloeber-workspace/mp3-player/Release/arduino.ar(usart_f1.c.o) (_usart_clock_freq)
C:/Users/Victor/Documents/sloeber-workspace/mp3-player/Release/arduino.ar(util.c.o)
                              ./I2S.cpp.o (_fail)
C:/Users/Victor/Documents/sloeber-workspace/mp3-player/Release/arduino.ar(HardwareSerial.cpp.o)
                              C:/Users/Victor/Documents/sloeber-workspace/mp3-player/Release/arduino.ar(board.cpp.o) (HardwareSerial::HardwareSerial(usart_dev*, unsigned char, unsigned char))
C:/Users/Victor/Documents/sloeber-workspace/mp3-player/Release/arduino.ar(Print.cpp.o)
                              ./.ino.cpp.o (Print::write(char const*))
C:/Users/Victor/Documents/sloeber-workspace/mp3-player/Release/arduino.ar(cxxabi-compat.cpp.o)
                              ./I2S.cpp.o (__cxa_pure_virtual)
C:/Users/Victor/Documents/sloeber-workspace/mp3-player/Release/arduino.ar(hooks.c.o)
                              ./libraries/SDIO/SdioF1.cpp.o (yield)
C:/Users/Victor/Documents/sloeber-workspace/mp3-player/Release/arduino.ar(main.cpp.o)
                              (main)
C:/Users/Victor/Documents/sloeber-workspace/mp3-player/Release/arduino.ar(new.cpp.o)
                              ./I2S.cpp.o (operator delete(void*))
C:/Users/Victor/Documents/sloeber-workspace/mp3-player/Release/arduino.ar(sdio.cpp.o)
                              ./libraries/SDIO/SdioF1.cpp.o (sdio_set_clock(unsigned long))
[...]
Memory Configuration

Name             Origin             Length             Attributes
ram              0x20000000         0x00010000         xrw
rom              0x08002000         0x0007e000         xr
*default*        0x00000000         0xffffffff

Linker script and memory map

LOAD d:/linked_to_c/sloeber/arduinoplugin/packages/arduino/tools/arm-none-eabi-gcc/4.8.3-2014q1/bin/../lib/gcc/arm-none-eabi/4.8.3/armv7-m/crti.o
LOAD d:/linked_to_c/sloeber/arduinoplugin/packages/arduino/tools/arm-none-eabi-gcc/4.8.3-2014q1/bin/../lib/gcc/arm-none-eabi/4.8.3/armv7-m/crtbegin.o
LOAD d:/linked_to_c/sloeber/arduinoplugin/packages/arduino/tools/arm-none-eabi-gcc/4.8.3-2014q1/bin/../lib/gcc/arm-none-eabi/4.8.3/../../../../arm-none-eabi/lib/armv7-m/crt0.o
LOAD d:/linked_to_c/sloeber/arduinoplugin/packages/arduino/tools/arm-none-eabi-gcc/4.8.3-2014q1/bin/../lib/gcc/arm-none-eabi/4.8.3/armv7-m\libgcc.a
START GROUP
LOAD ./.ino.cpp.o
LOAD ./I2S.cpp.o
LOAD ./libraries/SdFat/src/SpiDriver/SdSpiESP8266.cpp.o
LOAD ./libraries/SdFat/src/SpiDriver/SdSpiSAM3X.cpp.o
LOAD ./libraries/SdFat/src/SpiDriver/SdSpiSTM32F1.cpp.o
LOAD ./libraries/SdFat/src/SpiDriver/SdSpiTeensy3.cpp.o
LOAD ./libraries/SdFat/src/SdCard/SdSpiCard.cpp.o
LOAD ./libraries/SdFat/src/SdCard/SdSpiCardEX.cpp.o
LOAD ./libraries/SdFat/src/SdCard/SdioCardEX.cpp.o
LOAD ./libraries/SdFat/src/SdCard/SdioTeensy.cpp.o
LOAD ./libraries/SdFat/src/FatLib/FatFile.cpp.o
LOAD ./libraries/SdFat/src/FatLib/FatFileLFN.cpp.o
LOAD ./libraries/SdFat/src/FatLib/FatFilePrint.cpp.o
LOAD ./libraries/SdFat/src/FatLib/FatFileSFN.cpp.o
LOAD ./libraries/SdFat/src/FatLib/FatVolume.cpp.o
LOAD ./libraries/SdFat/src/FatLib/FmtNumber.cpp.o
LOAD ./libraries/SdFat/src/FatLib/StdioStream.cpp.o
LOAD ./libraries/SdFat/src/FatLib/fstream.cpp.o
LOAD ./libraries/SdFat/src/FatLib/istream.cpp.o
LOAD ./libraries/SdFat/src/FatLib/ostream.cpp.o
LOAD ./libraries/SdFat/src/MinimumSerial.cpp.o
LOAD ./libraries/SPI/src/SPI.cpp.o
LOAD ./libraries/SDIO/SdioF1.cpp.o
LOAD ./Adafruit_MP3/src/Adafruit_MP3.cpp.o
LOAD ./Adafruit_MP3/src/asmpoly_thumb2.S.o
LOAD ./Adafruit_MP3/src/bitstream.cpp.o
LOAD ./Adafruit_MP3/src/buffers.cpp.o
LOAD ./Adafruit_MP3/src/dct32.cpp.o
LOAD ./Adafruit_MP3/src/dequant.cpp.o
LOAD ./Adafruit_MP3/src/dqchan.cpp.o
LOAD ./Adafruit_MP3/src/huffman.cpp.o
LOAD ./Adafruit_MP3/src/hufftabs.cpp.o
LOAD ./Adafruit_MP3/src/imdct.cpp.o
LOAD ./Adafruit_MP3/src/mp3dec.cpp.o
LOAD ./Adafruit_MP3/src/mp3tabs.cpp.o
LOAD ./Adafruit_MP3/src/scalfact.cpp.o
LOAD ./Adafruit_MP3/src/stproc.cpp.o
LOAD ./Adafruit_MP3/src/subband.cpp.o
LOAD ./Adafruit_MP3/src/trigtabs.cpp.o
LOAD C:/Users/Victor/Documents/sloeber-workspace/mp3-player/Release/arduino.ar
LOAD C:/Users/Victor/Documents/sloeber-workspace/mp3-player/Release/arduino.ar
END GROUP
LOAD d:/linked_to_c/sloeber/arduinoplugin/packages/arduino/tools/arm-none-eabi-gcc/4.8.3-2014q1/bin/../lib/gcc/arm-none-eabi/4.8.3/../../../../arm-none-eabi/lib/armv7-m\libstdc++_s.a
LOAD d:/linked_to_c/sloeber/arduinoplugin/packages/arduino/tools/arm-none-eabi-gcc/4.8.3-2014q1/bin/../lib/gcc/arm-none-eabi/4.8.3/../../../../arm-none-eabi/lib/armv7-m\libm.a
START GROUP
LOAD d:/linked_to_c/sloeber/arduinoplugin/packages/arduino/tools/arm-none-eabi-gcc/4.8.3-2014q1/bin/../lib/gcc/arm-none-eabi/4.8.3/armv7-m\libgcc.a
LOAD d:/linked_to_c/sloeber/arduinoplugin/packages/arduino/tools/arm-none-eabi-gcc/4.8.3-2014q1/bin/../lib/gcc/arm-none-eabi/4.8.3/../../../../arm-none-eabi/lib/armv7-m\libc_s.a
END GROUP
START GROUP
LOAD d:/linked_to_c/sloeber/arduinoplugin/packages/arduino/tools/arm-none-eabi-gcc/4.8.3-2014q1/bin/../lib/gcc/arm-none-eabi/4.8.3/armv7-m\libgcc.a
LOAD d:/linked_to_c/sloeber/arduinoplugin/packages/arduino/tools/arm-none-eabi-gcc/4.8.3-2014q1/bin/../lib/gcc/arm-none-eabi/4.8.3/../../../../arm-none-eabi/lib/armv7-m\libc_s.a
END GROUP
LOAD d:/linked_to_c/sloeber/arduinoplugin/packages/arduino/tools/arm-none-eabi-gcc/4.8.3-2014q1/bin/../lib/gcc/arm-none-eabi/4.8.3/armv7-m/crtend.o
LOAD d:/linked_to_c/sloeber/arduinoplugin/packages/arduino/tools/arm-none-eabi-gcc/4.8.3-2014q1/bin/../lib/gcc/arm-none-eabi/4.8.3/armv7-m/crtn.o
START GROUP
LOAD d:/linked_to_c/sloeber/arduinoplugin/packages/arduino/tools/arm-none-eabi-gcc/4.8.3-2014q1/bin/../lib/gcc/arm-none-eabi/4.8.3/armv7-m\libgcc.a
LOAD d:/linked_to_c/sloeber/arduinoplugin/packages/arduino/tools/arm-none-eabi-gcc/4.8.3-2014q1/bin/../lib/gcc/arm-none-eabi/4.8.3/../../../../arm-none-eabi/lib/armv7-m\libc.a
LOAD d:/linked_to_c/sloeber/arduinoplugin/packages/arduino/tools/arm-none-eabi-gcc/4.8.3-2014q1/bin/../lib/gcc/arm-none-eabi/4.8.3/../../../../arm-none-eabi/lib/armv7-m\libm.a
END GROUP
START GROUP
LOAD d:/linked_to_c/sloeber/arduinoplugin/packages/arduino/tools/arm-none-eabi-gcc/4.8.3-2014q1/bin/../lib/gcc/arm-none-eabi/4.8.3/../../../../arm-none-eabi/lib/armv7-m\libnosys.a
END GROUP
                0x20010000                PROVIDE (__msp_init, (ORIGIN (ram) + 0x10000))
                0x08009d84                PROVIDE (__exc_reset, __start__)

.text           0x08002000     0xb794
                0x08002000                __text_start__ = .
 *(.stm32.interrupt_vector)
 .stm32.interrupt_vector
                0x08002000      0x130 C:/Users/Victor/Documents/sloeber-workspace/mp3-player/Release/arduino.ar(vector_table.S.o)
                0x08002000                __stm32_vector_table
 *(.text .text.* .gnu.linkonce.t.*)
 .text          0x08002130       0x54 d:/linked_to_c/sloeber/arduinoplugin/packages/arduino/tools/arm-none-eabi-gcc/4.8.3-2014q1/bin/../lib/gcc/arm-none-eabi/4.8.3/armv7-m/crtbegin.o
 .text._ZN4File9availableEv
                0x08002184       0x20 ./.ino.cpp.o
                0x08002184                File::available()
 .text._ZN4File5writeEh
                0x080021a4       0x1c ./.ino.cpp.o
                0x080021a4                File::write(unsigned char)
 .text._ZN4File5flushEv
                0x080021c0        0x8 ./.ino.cpp.o
                0x080021c0                File::flush()
 .text._ZN4File4peekEv
                0x080021c8        0x8 ./.ino.cpp.o
                0x080021c8                File::peek()
 .text._Z11getMoreDataPhi
                0x080021d0       0x3c ./.ino.cpp.o
                0x080021d0                getMoreData(unsigned char*, int)
 .text._ZN4File4readEv
                0x0800220c       0x24 ./.ino.cpp.o
                0x0800220c                File::read()
 .text._Z11i2sCallbackv
                0x08002230       0x60 ./.ino.cpp.o
                0x08002230                i2sCallback()
 .text._Z12rateCallbackm
                0x08002290       0x10 ./.ino.cpp.o
                0x08002290                rateCallback(unsigned long)
 .text._ZN12Adafruit_MP3D2Ev
                0x080022a0       0x10 ./.ino.cpp.o
                0x080022a0                Adafruit_MP3::~Adafruit_MP3()
                0x080022a0                Adafruit_MP3::~Adafruit_MP3()
 .text._Z5setupv
                0x080022b0      0x1ac ./.ino.cpp.o
                0x080022b0                setup()
 .text._Z4loopv
                0x0800245c        0xc ./.ino.cpp.o
                0x0800245c                loop()
 .text.startup._GLOBAL__sub_I_I2S
                0x08002468       0x98 ./.ino.cpp.o
 .text._ZN8I2SClassD2Ev
                0x08002500        0xc ./I2S.cpp.o
                0x08002500                I2SClass::~I2SClass()
                0x08002500                I2SClass::~I2SClass()
 .text._ZN8I2SClass5flushEv
                0x0800250c        0x4 ./I2S.cpp.o
                0x0800250c                I2SClass::flush()
 .text._ZN8I2SClass17availableForWriteEv
                0x08002510       0x40 ./I2S.cpp.o
                0x08002510                I2SClass::availableForWrite()
 .text._ZL14compute_i2ssprlib
                0x08002550       0x50 ./I2S.cpp.o
 .text._ZN8I2SClassD0Ev
                0x080025a0       0x14 ./I2S.cpp.o
                0x080025a0                I2SClass::~I2SClass()
 .text._ZL18configure_i2s_gpioP7spi_devb
                0x080025b4       0xcc ./I2S.cpp.o
 .text._ZN8I2SClass9availableEv
                0x08002680       0xb8 ./I2S.cpp.o
                0x08002680                I2SClass::available()
 .text._ZN8I2SClass4peekEv
                0x08002738      0x100 ./I2S.cpp.o
                0x08002738                I2SClass::peek()
 .text._ZN8I2SClassC2EP7spi_dev
                0x08002838       0x9c ./I2S.cpp.o
                0x08002838                I2SClass::I2SClass(spi_dev*)
                0x08002838                I2SClass::I2SClass(spi_dev*)
 .text._ZN8I2SClass5beginEilib
                0x080028d4       0xd4 ./I2S.cpp.o
                0x080028d4                I2SClass::begin(int, long, int, bool)
 .text._ZN8I2SClass13setSampleRateElb
                0x080029a8       0x74 ./I2S.cpp.o
                0x080029a8                I2SClass::setSampleRate(long, bool)
 .text._ZN8I2SClass5startEb
                0x08002a1c      0x10c ./I2S.cpp.o
                0x08002a1c                I2SClass::start(bool)
 .text._ZN8I2SClass4readEPvj
                0x08002b28      0x17c ./I2S.cpp.o
                0x08002b28                I2SClass::read(void*, unsigned int)
 .text._ZN8I2SClass4readEv
                0x08002ca4       0x3c ./I2S.cpp.o
                0x08002ca4                I2SClass::read()
 .text._ZN8I2SClass5writeEPKvj
                0x08002ce0       0xf8 ./I2S.cpp.o
                0x08002ce0                I2SClass::write(void const*, unsigned int)
 .text._ZN8I2SClass5writeEPKhj
                0x08002dd8        0x4 ./I2S.cpp.o
                0x08002dd8                I2SClass::write(unsigned char const*, unsigned int)
 .text._ZN8I2SClass5writeEs
                0x08002ddc       0x38 ./I2S.cpp.o
                0x08002ddc                I2SClass::write(short)
 .text._ZN8I2SClass5writeEh
                0x08002e14        0x4 ./I2S.cpp.o
                0x08002e14                I2SClass::write(unsigned char)
 .text._ZN8I2SClass10onTransmitEPFvvE
                0x08002e18        0x8 ./I2S.cpp.o
                0x08002e18                I2SClass::onTransmit(void (*)())
 .text._ZN8I2SClass13EventCallbackEv
                0x08002e20      0x14c ./I2S.cpp.o
                0x08002e20                I2SClass::EventCallback()
 .text._ZN8I2SClass18_i2s2EventCallbackEv
                0x08002f6c        0xc ./I2S.cpp.o
                0x08002f6c                I2SClass::_i2s2EventCallback()
 .text._ZN8I2SClass18_i2s3EventCallbackEv
                0x08002f78        0xc ./I2S.cpp.o
                0x08002f78                I2SClass::_i2s3EventCallback()
 .text.startup._GLOBAL__sub_I__ZN14SdSpiAltDriver8activateEv
                0x08002f84       0x2c ./libraries/SdFat/src/SpiDriver/SdSpiSTM32F1.cpp.o
 .text._ZN7FatFile8openRootEP9FatVolume.part.29
                0x08002fb0       0x34 ./libraries/SdFat/src/FatLib/FatFile.cpp.o
 .text._ZN7FatFile13addDirClusterEv
                0x08002fe4       0x9c ./libraries/SdFat/src/FatLib/FatFile.cpp.o
                0x08002fe4                FatFile::addDirCluster()
 .text._ZN7FatFile13cacheDirEntryEh
                0x08003080       0x20 ./libraries/SdFat/src/FatLib/FatFile.cpp.o
                0x08003080                FatFile::cacheDirEntry(unsigned char)
 .text._ZN7FatFile4syncEv.part.31
                0x080030a0       0x84 ./libraries/SdFat/src/FatLib/FatFile.cpp.o
 .text._ZN7FatFile5closeEv
                0x08003124       0x1c ./libraries/SdFat/src/FatLib/FatFile.cpp.o
                0x08003124                FatFile::close()
 .text._ZN7FatFile4openEPS_PKch
                0x08003140       0xb8 ./libraries/SdFat/src/FatLib/FatFile.cpp.o
                0x08003140                FatFile::open(FatFile*, char const*, unsigned char)
 .text._ZN7FatFile8openRootEP9FatVolume
                0x080031f8        0xc ./libraries/SdFat/src/FatLib/FatFile.cpp.o
                0x080031f8                FatFile::openRoot(FatVolume*)
 .text._ZN7FatFile4readEPvj
                0x08003204      0x194 ./libraries/SdFat/src/FatLib/FatFile.cpp.o
                0x08003204                FatFile::read(void*, unsigned int)
 .text._ZN7FatFile4peekEv
                0x08003398       0x28 ./libraries/SdFat/src/FatLib/FatFile.cpp.o
                0x08003398                FatFile::peek()
 .text._ZN7FatFile12readDirCacheEb
                0x080033c0       0x40 ./libraries/SdFat/src/FatLib/FatFile.cpp.o
                0x080033c0                FatFile::readDirCache(bool)
 .text._ZN7FatFile7seekSetEm
                0x08003400       0x8c ./libraries/SdFat/src/FatLib/FatFile.cpp.o
                0x08003400                FatFile::seekSet(unsigned long)
 .text._ZN7FatFile15openCachedEntryEPS_thh
                0x0800348c       0xac ./libraries/SdFat/src/FatLib/FatFile.cpp.o
                0x0800348c                FatFile::openCachedEntry(FatFile*, unsigned short, unsigned char, unsigned char)
 .text._ZN7FatFile4syncEv
                0x08003538        0xc ./libraries/SdFat/src/FatLib/FatFile.cpp.o
                0x08003538                FatFile::sync()
 .text._ZN7FatFile5writeEPKvj
                0x08003544      0x1f0 ./libraries/SdFat/src/FatLib/FatFile.cpp.o
                0x08003544                FatFile::write(void const*, unsigned int)
 .text._ZN7FatFile13parsePathNameEPKcP7fname_tPS1_
                0x08003734      0x228 ./libraries/SdFat/src/FatLib/FatFileLFN.cpp.o
                0x08003734                FatFile::parsePathName(char const*, fname_t*, char const**)
 .text._ZN7FatFile12lfnUniqueSfnEP7fname_t
                0x0800395c       0xc0 ./libraries/SdFat/src/FatLib/FatFileLFN.cpp.o
                0x0800395c                FatFile::lfnUniqueSfn(fname_t*)
 .text._ZN7FatFile4openEPS_P7fname_th
                0x08003a1c      0x3b4 ./libraries/SdFat/src/FatLib/FatFileLFN.cpp.o
                0x08003a1c                FatFile::open(FatFile*, fname_t*, unsigned char)
 .text._ZN8FatCache4syncEv.part.9
                0x08003dd0       0x4c ./libraries/SdFat/src/FatLib/FatVolume.cpp.o
 .text._ZN8FatCache4readEmh
                0x08003e1c       0x60 ./libraries/SdFat/src/FatLib/FatVolume.cpp.o
                0x08003e1c                FatCache::read(unsigned long, unsigned char)
 .text._ZN8FatCache4syncEv
                0x08003e7c       0x10 ./libraries/SdFat/src/FatLib/FatVolume.cpp.o
                0x08003e7c                FatCache::sync()
 .text._ZNK9FatVolume17clusterFirstBlockEm
                0x08003e8c       0x10 ./libraries/SdFat/src/FatLib/FatVolume.cpp.o
                0x08003e8c                FatVolume::clusterFirstBlock(unsigned long) const
 .text._ZN9FatVolume6fatGetEmPm
                0x08003e9c       0x64 ./libraries/SdFat/src/FatLib/FatVolume.cpp.o
                0x08003e9c                FatVolume::fatGet(unsigned long, unsigned long*)
 .text._ZN9FatVolume6fatPutEmm
                0x08003f00       0x54 ./libraries/SdFat/src/FatLib/FatVolume.cpp.o
                0x08003f00                FatVolume::fatPut(unsigned long, unsigned long)
 .text._ZN9FatVolume15allocateClusterEmPm
                0x08003f54       0x78 ./libraries/SdFat/src/FatLib/FatVolume.cpp.o
                0x08003f54                FatVolume::allocateCluster(unsigned long, unsigned long*)
 .text._ZN9FatVolume9freeChainEm
                0x08003fcc       0x38 ./libraries/SdFat/src/FatLib/FatVolume.cpp.o
                0x08003fcc                FatVolume::freeChain(unsigned long)
 .text._ZN9FatVolume4initEh
                0x08004004      0x110 ./libraries/SdFat/src/FatLib/FatVolume.cpp.o
                0x08004004                FatVolume::init(unsigned char)
 .text._ZL19determine_baud_rateP7spi_devm.isra.9
                0x08004114       0x48 ./libraries/SPI/src/SPI.cpp.o
 .text._ZN8SPIClassC2Em
                0x0800415c      0x11c ./libraries/SPI/src/SPI.cpp.o
                0x0800415c                SPIClass::SPIClass(unsigned long)
                0x0800415c                SPIClass::SPIClass(unsigned long)
 .text.startup._GLOBAL__sub_I__ZN8SPIClass2ffE
                0x08004278        0xc ./libraries/SPI/src/SPI.cpp.o
 .text._ZL9isBusyDMAv
                0x08004284       0x24 ./libraries/SDIO/SdioF1.cpp.o
 .text._ZL9readReg16mPv
                0x080042a8       0x3c ./libraries/SDIO/SdioF1.cpp.o
 .text._ZL8cardAcmdmmm
                0x080042e4       0x24 ./libraries/SDIO/SdioF1.cpp.o
 .text._ZL11isBusyCMD13v
                0x08004308       0x2c ./libraries/SDIO/SdioF1.cpp.o
 .text.unlikely._ZL6_panicPKcm
                0x08004334       0x24 ./libraries/SDIO/SdioF1.cpp.o
 .text._ZL11waitTimeoutPFbvE
                0x08004358       0x30 ./libraries/SDIO/SdioF1.cpp.o
 .text._ZL13waitDmaStatusv
                0x08004388       0x2c ./libraries/SDIO/SdioF1.cpp.o
 .text._ZL7trxStopv
                0x080043b4       0x7c ./libraries/SDIO/SdioF1.cpp.o
 .text._ZL13dmaTrxPreparePhmh
                0x08004430       0x6c ./libraries/SDIO/SdioF1.cpp.o
 .text._ZL22isBusyTransferCompletev
                0x0800449c       0xb4 ./libraries/SDIO/SdioF1.cpp.o
 .text._ZL12yieldTimeoutPFbvE
                0x08004550       0x48 ./libraries/SDIO/SdioF1.cpp.o
 .text._ZL9dmaTrxEndb
                0x08004598       0xc0 ./libraries/SDIO/SdioF1.cpp.o
 .text._ZN8SdioCard10readBlocksEmPhj
                0x08004658      0x218 ./libraries/SDIO/SdioF1.cpp.o
                0x08004658                SdioCard::readBlocks(unsigned long, unsigned char*, unsigned int)
 .text._ZN8SdioCard10writeBlockEmPKh
                0x08004870      0x1c8 ./libraries/SDIO/SdioF1.cpp.o
                0x08004870                SdioCard::writeBlock(unsigned long, unsigned char const*)
 .text._ZN8SdioCard11writeBlocksEmPKhj
                0x08004a38      0x158 ./libraries/SDIO/SdioF1.cpp.o
                0x08004a38                SdioCard::writeBlocks(unsigned long, unsigned char const*, unsigned int)
 .text._ZN8SdioCard9readBlockEmPh
                0x08004b90      0x304 ./libraries/SDIO/SdioF1.cpp.o
                0x08004b90                SdioCard::readBlock(unsigned long, unsigned char*)
 .text._ZN8SdioCard5beginEv
                0x08004e94      0x220 ./libraries/SDIO/SdioF1.cpp.o
                0x08004e94                SdioCard::begin()
 .text._ZN8SdioCard8readStopEv
                0x080050b4       0x44 ./libraries/SDIO/SdioF1.cpp.o
                0x080050b4                SdioCard::readStop()
 .text._ZN8SdioCard9writeStopEv
                0x080050f8       0x4c ./libraries/SDIO/SdioF1.cpp.o
                0x080050f8                SdioCard::writeStop()
 .text._ZN8SdioCard10syncBlocksEv
                0x08005144       0x54 ./libraries/SDIO/SdioF1.cpp.o
                0x08005144                SdioCard::syncBlocks()
 .text._ZN12Adafruit_MP35beginEv
                0x08005198       0x20 ./Adafruit_MP3/src/Adafruit_MP3.cpp.o
                0x08005198                Adafruit_MP3::begin()
 .text._ZN12Adafruit_MP317setBufferCallbackEPFiPhiE
                0x080051b8        0x8 ./Adafruit_MP3/src/Adafruit_MP3.cpp.o
                0x080051b8                Adafruit_MP3::setBufferCallback(int (*)(unsigned char*, int))
 .text._ZN12Adafruit_MP321setChangeRateCallbackEPFvmE
                0x080051c0        0xc ./Adafruit_MP3/src/Adafruit_MP3.cpp.o
                0x080051c0                Adafruit_MP3::setChangeRateCallback(void (*)(unsigned long))
 .text._ZN12Adafruit_MP34playEv
                0x080051cc       0xd4 ./Adafruit_MP3/src/Adafruit_MP3.cpp.o
                0x080051cc                Adafruit_MP3::play()
 .text._ZN12Adafruit_MP34tickEv
                0x080052a0      0x268 ./Adafruit_MP3/src/Adafruit_MP3.cpp.o
                0x080052a0                Adafruit_MP3::tick()
 .text._ZN12Adafruit_MP310getSamplesEPVst
                0x08005508       0x8c ./Adafruit_MP3/src/Adafruit_MP3.cpp.o
                0x08005508                Adafruit_MP3::getSamples(short volatile*, unsigned short)
 .text          0x08005594      0x80e ./Adafruit_MP3/src/asmpoly_thumb2.S.o
                0x08005594                xmp3_PolyphaseStereo
                0x08005ab0                xmp3_PolyphaseMono
 *fill*         0x08005da2        0x2 
 .text._Z24xmp3_SetBitstreamPointerP14_BitStreamInfoiPh
                0x08005da4        0xc ./Adafruit_MP3/src/bitstream.cpp.o
                0x08005da4                xmp3_SetBitstreamPointer(_BitStreamInfo*, int, unsigned char*)
 .text._Z12xmp3_GetBitsP14_BitStreamInfoi
                0x08005db0       0x80 ./Adafruit_MP3/src/bitstream.cpp.o
                0x08005db0                xmp3_GetBits(_BitStreamInfo*, int)
 .text._Z17xmp3_CalcBitsUsedP14_BitStreamInfoPhi
                0x08005e30       0x14 ./Adafruit_MP3/src/bitstream.cpp.o
                0x08005e30                xmp3_CalcBitsUsed(_BitStreamInfo*, unsigned char*, int)
 .text._Z16xmp3_CheckPadBitP11_MP3DecInfo
                0x08005e44       0x18 ./Adafruit_MP3/src/bitstream.cpp.o
                0x08005e44                xmp3_CheckPadBit(_MP3DecInfo*)
 .text._Z22xmp3_UnpackFrameHeaderP11_MP3DecInfoPh
                0x08005e5c      0x1d8 ./Adafruit_MP3/src/bitstream.cpp.o
                0x08005e5c                xmp3_UnpackFrameHeader(_MP3DecInfo*, unsigned char*)
 .text._Z19xmp3_UnpackSideInfoP11_MP3DecInfoPh
                0x08006034      0x238 ./Adafruit_MP3/src/bitstream.cpp.o
                0x08006034                xmp3_UnpackSideInfo(_MP3DecInfo*, unsigned char*)
 .text._Z20xmp3_AllocateBuffersv
                0x0800626c       0xec ./Adafruit_MP3/src/buffers.cpp.o
                0x0800626c                xmp3_AllocateBuffers()
 .text._Z16xmp3_FreeBuffersP11_MP3DecInfo
                0x08006358        0x4 ./Adafruit_MP3/src/buffers.cpp.o
                0x08006358                xmp3_FreeBuffers(_MP3DecInfo*)
 .text._Z11xmp3_FDCT32PiS_iii
                0x0800635c      0x7c4 ./Adafruit_MP3/src/dct32.cpp.o
                0x0800635c                xmp3_FDCT32(int*, int*, int, int, int)
 .text._Z15xmp3_DequantizeP11_MP3DecInfoi
                0x08006b20      0x274 ./Adafruit_MP3/src/dequant.cpp.o
                0x08006b20                xmp3_Dequantize(_MP3DecInfo*, int)
 .text._ZL12DequantBlockPiS_ii
                0x08006d94      0x1b4 ./Adafruit_MP3/src/dqchan.cpp.o
 .text._Z19xmp3_DequantChannelPiS_S_P12_FrameHeaderP12_SideInfoSubP19_ScaleFactorInfoSubP16CriticalBandInfo
                0x08006f48      0x244 ./Adafruit_MP3/src/dqchan.cpp.o
                0x08006f48                xmp3_DequantChannel(int*, int*, int*, _FrameHeader*, _SideInfoSub*, _ScaleFactorInfoSub*, CriticalBandInfo*)
 .text._Z18xmp3_DecodeHuffmanP11_MP3DecInfoPhPiiii
                0x0800718c      0x710 ./Adafruit_MP3/src/huffman.cpp.o
                0x0800718c                xmp3_DecodeHuffman(_MP3DecInfo*, unsigned char*, int*, int, int, int)
 .text._ZL11WinPreviousPiS_i
                0x0800789c      0x138 ./Adafruit_MP3/src/imdct.cpp.o
 .text._ZL17FreqInvertRescalePiS_ii
                0x080079d4      0x18c ./Adafruit_MP3/src/imdct.cpp.o
 .text._Z10xmp3_IMDCTP11_MP3DecInfoii
                0x08007b60      0xef4 ./Adafruit_MP3/src/imdct.cpp.o
                0x08007b60                xmp3_IMDCT(_MP3DecInfo*, int, int)
 .text.MP3InitDecoder
                0x08008a54        0x4 ./Adafruit_MP3/src/mp3dec.cpp.o
                0x08008a54                MP3InitDecoder
 .text.MP3FreeDecoder
                0x08008a58        0x8 ./Adafruit_MP3/src/mp3dec.cpp.o
                0x08008a58                MP3FreeDecoder
 .text.MP3FindSyncWord
                0x08008a60       0x2c ./Adafruit_MP3/src/mp3dec.cpp.o
                0x08008a60                MP3FindSyncWord
 .text.MP3GetLastFrameInfo
                0x08008a8c       0x5c ./Adafruit_MP3/src/mp3dec.cpp.o
                0x08008a8c                MP3GetLastFrameInfo
 .text.MP3GetNextFrameInfo
                0x08008ae8       0x34 ./Adafruit_MP3/src/mp3dec.cpp.o
                0x08008ae8                MP3GetNextFrameInfo
 .text.MP3Decode
                0x08008b1c      0x4e8 ./Adafruit_MP3/src/mp3dec.cpp.o
                0x08008b1c                MP3Decode
 .text._Z23xmp3_UnpackScaleFactorsP11_MP3DecInfoPhPiiii
                0x08009004      0x5f8 ./Adafruit_MP3/src/scalfact.cpp.o
                0x08009004                xmp3_UnpackScaleFactors(_MP3DecInfo*, unsigned char*, int*, int, int, int)
 .text._Z16xmp3_MidSideProcPA576_iiPi
                0x080095fc       0x6c ./Adafruit_MP3/src/stproc.cpp.o
                0x080095fc                xmp3_MidSideProc(int (*) [576], int, int*)
 .text._Z23xmp3_IntensityProcMPEG1PA576_iiP12_FrameHeaderP19_ScaleFactorInfoSubP16CriticalBandInfoiiPi
                0x08009668      0x31c ./Adafruit_MP3/src/stproc.cpp.o
                0x08009668                xmp3_IntensityProcMPEG1(int (*) [576], int, _FrameHeader*, _ScaleFactorInfoSub*, CriticalBandInfo*, int, int, int*)
 .text._Z23xmp3_IntensityProcMPEG2PA576_iiP12_FrameHeaderP19_ScaleFactorInfoSubP16CriticalBandInfoP14_ScaleFactorJSiiPi
                0x08009984      0x300 ./Adafruit_MP3/src/stproc.cpp.o
                0x08009984                xmp3_IntensityProcMPEG2(int (*) [576], int, _FrameHeader*, _ScaleFactorInfoSub*, CriticalBandInfo*, _ScaleFactorJS*, int, int, int*)
 .text._Z12xmp3_SubbandP11_MP3DecInfoPs
                0x08009c84      0x100 ./Adafruit_MP3/src/subband.cpp.o
                0x08009c84                xmp3_Subband(_MP3DecInfo*, short*)
 .text          0x08009d84       0x10 C:/Users/Victor/Documents/sloeber-workspace/mp3-player/Release/arduino.ar(start.S.o)
                0x08009d84                __start__
 .text.start_c  0x08009d94       0x78 C:/Users/Victor/Documents/sloeber-workspace/mp3-player/Release/arduino.ar(start_c.c.o)
                0x08009d94                start_c
 .text.startup._GLOBAL__sub_I_PIN_MAP
                0x08009e0c       0x74 C:/Users/Victor/Documents/sloeber-workspace/mp3-player/Release/arduino.ar(board.cpp.o)
 .text.usb_resume
                0x08009e80       0xdc C:/Users/Victor/Documents/sloeber-workspace/mp3-player/Release/arduino.ar(usb.c.o)
 .text.usb_init_usblib
                0x08009f5c       0x50 C:/Users/Victor/Documents/sloeber-workspace/mp3-player/Release/arduino.ar(usb.c.o)
                0x08009f5c                usb_init_usblib
 .text.__irq_usb_lp_can_rx0
                0x08009fac      0x220 C:/Users/Victor/Documents/sloeber-workspace/mp3-player/Release/arduino.ar(usb.c.o)
                0x08009fac                __irq_usb_lp_can_rx0
 .text.vcomDataTxCb
                0x0800a1cc       0xac C:/Users/Victor/Documents/sloeber-workspace/mp3-player/Release/arduino.ar(usb_cdcacm.c.o)
 .text.vcomDataRxCb
                0x0800a278       0x94 C:/Users/Victor/Documents/sloeber-workspace/mp3-player/Release/arduino.ar(usb_cdcacm.c.o)
 .text.vcomGetSetLineCoding
                0x0800a30c       0x18 C:/Users/Victor/Documents/sloeber-workspace/mp3-player/Release/arduino.ar(usb_cdcacm.c.o)
 .text.usbInit  0x0800a324       0x48 C:/Users/Victor/Documents/sloeber-workspace/mp3-player/Release/arduino.ar(usb_cdcacm.c.o)
 .text.usbDataSetup
                0x0800a36c       0x58 C:/Users/Victor/Documents/sloeber-workspace/mp3-player/Release/arduino.ar(usb_cdcacm.c.o)
 .text.usbNoDataSetup
                0x0800a3c4       0x58 C:/Users/Victor/Documents/sloeber-workspace/mp3-player/Release/arduino.ar(usb_cdcacm.c.o)
 .text.usbGetInterfaceSetting
                0x0800a41c       0x10 C:/Users/Victor/Documents/sloeber-workspace/mp3-player/Release/arduino.ar(usb_cdcacm.c.o)
 .text.usbSetConfiguration
                0x0800a42c       0x1c C:/Users/Victor/Documents/sloeber-workspace/mp3-player/Release/arduino.ar(usb_cdcacm.c.o)
 .text.usbSetDeviceAddress
                0x0800a448       0x10 C:/Users/Victor/Documents/sloeber-workspace/mp3-player/Release/arduino.ar(usb_cdcacm.c.o)
 .text.usbGetStringDescriptor
                0x0800a458       0x20 C:/Users/Victor/Documents/sloeber-workspace/mp3-player/Release/arduino.ar(usb_cdcacm.c.o)
 .text.usbGetConfigDescriptor
                0x0800a478        0xc C:/Users/Victor/Documents/sloeber-workspace/mp3-player/Release/arduino.ar(usb_cdcacm.c.o)
 .text.usbGetDeviceDescriptor
                0x0800a484        0xc C:/Users/Victor/Documents/sloeber-workspace/mp3-player/Release/arduino.ar(usb_cdcacm.c.o)
 .text.usbReset
                0x0800a490      0x17c C:/Users/Victor/Documents/sloeber-workspace/mp3-player/Release/arduino.ar(usb_cdcacm.c.o)
 .text.usb_cdcacm_set_hooks
                0x0800a60c       0x1c C:/Users/Victor/Documents/sloeber-workspace/mp3-player/Release/arduino.ar(usb_cdcacm.c.o)
                0x0800a60c                usb_cdcacm_set_hooks
 .text.usb_cdcacm_enable
                0x0800a628       0x38 C:/Users/Victor/Documents/sloeber-workspace/mp3-player/Release/arduino.ar(usb_cdcacm.c.o)
                0x0800a628                usb_cdcacm_enable
 .text.usb_cdcacm_tx
                0x0800a660       0x68 C:/Users/Victor/Documents/sloeber-workspace/mp3-player/Release/arduino.ar(usb_cdcacm.c.o)
                0x0800a660                usb_cdcacm_tx
 .text.usb_cdcacm_data_available
                0x0800a6c8       0x18 C:/Users/Victor/Documents/sloeber-workspace/mp3-player/Release/arduino.ar(usb_cdcacm.c.o)
                0x0800a6c8                usb_cdcacm_data_available
 .text.usb_cdcacm_rx
                0x0800a6e0       0x74 C:/Users/Victor/Documents/sloeber-workspace/mp3-player/Release/arduino.ar(usb_cdcacm.c.o)
                0x0800a6e0                usb_cdcacm_rx
 .text.usb_cdcacm_peek
                0x0800a754       0x40 C:/Users/Victor/Documents/sloeber-workspace/mp3-player/Release/arduino.ar(usb_cdcacm.c.o)
                0x0800a754                usb_cdcacm_peek
 .text.usb_cdcacm_peek_ex
                0x0800a794       0x48 C:/Users/Victor/Documents/sloeber-workspace/mp3-player/Release/arduino.ar(usb_cdcacm.c.o)
                0x0800a794                usb_cdcacm_peek_ex
 .text.usb_cdcacm_get_dtr
                0x0800a7dc       0x10 C:/Users/Victor/Documents/sloeber-workspace/mp3-player/Release/arduino.ar(usb_cdcacm.c.o)
                0x0800a7dc                usb_cdcacm_get_dtr
 .text.usb_cdcacm_get_baud
                0x0800a7ec        0xc C:/Users/Victor/Documents/sloeber-workspace/mp3-player/Release/arduino.ar(usb_cdcacm.c.o)
                0x0800a7ec                usb_cdcacm_get_baud
 .text.usb_set_ep_rx_count
                0x0800a7f8       0x40 C:/Users/Victor/Documents/sloeber-workspace/mp3-player/Release/arduino.ar(usb_reg_map.c.o)
                0x0800a7f8                usb_set_ep_rx_count
 .text          0x0800a838        0x2 C:/Users/Victor/Documents/sloeber-workspace/mp3-player/Release/arduino.ar(isrs.S.o)
                0x0800a838                __exc_memmanage
                0x0800a838                __stm32reservedexception9
                0x0800a838                __irq_i2c2_er
                0x0800a838                __irq_i2c1_er
                0x0800a838                __irq_sdio
                0x0800a838                __irq_fsmc
                0x0800a838                __exc_debug_monitor
                0x0800a838                __exc_svc
                0x0800a838                __irq_exti0
                0x0800a838                __exc_usagefault
                0x0800a838                __irq_can_rx1
                0x0800a838                __irq_spi2
                0x0800a838                __irq_can_sce
                0x0800a838                __irq_exti2
                0x0800a838                __irq_exti3
                0x0800a838                __irq_exti9_5
                0x0800a838                __exc_busfault
                0x0800a838                __irq_pvd
                0x0800a838                __irq_tamper
                0x0800a838                __default_handler
                0x0800a838                __irq_wwdg
                0x0800a838                __stm32reservedexception10
                0x0800a838                __irq_flash
                0x0800a838                __irq_i2c2_ev
                0x0800a838                __stm32reservedexception13
                0x0800a838                __exc_hardfault
                0x0800a838                __irq_rtc
                0x0800a838                __irq_spi1
                0x0800a838                __stm32reservedexception7
                0x0800a838                __irq_usb_hp_can_tx
                0x0800a838                __irq_exti15_10
                0x0800a838                __irq_exti4
                0x0800a838                __exc_nmi
                0x0800a838                __irq_rtcalarm
                0x0800a838                __irq_spi3
                0x0800a838                __stm32reservedexception8
                0x0800a838                __exc_pendsv
                0x0800a838                __irq_i2c1_ev
                0x0800a838                __irq_usbwakeup
                0x0800a838                __irq_exti1
                0x0800a838                __irq_rcc
 *fill*         0x0800a83a        0x2 
 .text.__irq_adc
                0x0800a83c       0x50 C:/Users/Victor/Documents/sloeber-workspace/mp3-player/Release/arduino.ar(adc_f1.c.o)
                0x0800a83c                __irq_adc
 .text.__irq_adc3
                0x0800a88c       0x50 C:/Users/Victor/Documents/sloeber-workspace/mp3-player/Release/arduino.ar(adc_f1.c.o)
                0x0800a88c                __irq_adc3
 .text.adc_calibrate
                0x0800a8dc       0x28 C:/Users/Victor/Documents/sloeber-workspace/mp3-player/Release/arduino.ar(adc_f1.c.o)
                0x0800a8dc                adc_calibrate
 .text.adc_set_prescaler
                0x0800a904        0x8 C:/Users/Victor/Documents/sloeber-workspace/mp3-player/Release/arduino.ar(adc_f1.c.o)
                0x0800a904                adc_set_prescaler
 .text.adc_foreach
                0x0800a90c       0x24 C:/Users/Victor/Documents/sloeber-workspace/mp3-player/Release/arduino.ar(adc_f1.c.o)
                0x0800a90c                adc_foreach
 .text.adc_enable_single_swstart
                0x0800a930       0x34 C:/Users/Victor/Documents/sloeber-workspace/mp3-player/Release/arduino.ar(adc_f1.c.o)
                0x0800a930                adc_enable_single_swstart
 .text.dma_init
                0x0800a964        0x8 C:/Users/Victor/Documents/sloeber-workspace/mp3-player/Release/arduino.ar(dma.c.o)
                0x0800a964                dma_init
 .text.dma_set_priority
                0x0800a96c       0x40 C:/Users/Victor/Documents/sloeber-workspace/mp3-player/Release/arduino.ar(dma_f1.c.o)
                0x0800a96c                dma_set_priority
 .text.dma_set_num_transfers
                0x0800a9ac       0x38 C:/Users/Victor/Documents/sloeber-workspace/mp3-player/Release/arduino.ar(dma_f1.c.o)
                0x0800a9ac                dma_set_num_transfers
 .text.dma_attach_interrupt
                0x0800a9e4       0x28 C:/Users/Victor/Documents/sloeber-workspace/mp3-player/Release/arduino.ar(dma_f1.c.o)
                0x0800a9e4                dma_attach_interrupt
 .text.dma_detach_interrupt
                0x0800aa0c       0x20 C:/Users/Victor/Documents/sloeber-workspace/mp3-player/Release/arduino.ar(dma_f1.c.o)
                0x0800aa0c                dma_detach_interrupt
 .text.dma_enable
                0x0800aa2c       0x1c C:/Users/Victor/Documents/sloeber-workspace/mp3-player/Release/arduino.ar(dma_f1.c.o)
                0x0800aa2c                dma_enable
 .text.dma_disable
                0x0800aa48       0x1c C:/Users/Victor/Documents/sloeber-workspace/mp3-player/Release/arduino.ar(dma_f1.c.o)
                0x0800aa48                dma_disable
 .text.dma_get_irq_cause
                0x0800aa64       0xa4 C:/Users/Victor/Documents/sloeber-workspace/mp3-player/Release/arduino.ar(dma_f1.c.o)
                0x0800aa64                dma_get_irq_cause
 .text.dma_setup_transfer
                0x0800ab08       0x34 C:/Users/Victor/Documents/sloeber-workspace/mp3-player/Release/arduino.ar(dma_f1.c.o)
                0x0800ab08                dma_setup_transfer
 .text.__irq_dma1_channel1
                0x0800ab3c       0x18 C:/Users/Victor/Documents/sloeber-workspace/mp3-player/Release/arduino.ar(dma_f1.c.o)
                0x0800ab3c                __irq_dma1_channel1
 .text.__irq_dma1_channel2
                0x0800ab54       0x18 C:/Users/Victor/Documents/sloeber-workspace/mp3-player/Release/arduino.ar(dma_f1.c.o)
                0x0800ab54                __irq_dma1_channel2
 .text.__irq_dma1_channel3
                0x0800ab6c       0x1c C:/Users/Victor/Documents/sloeber-workspace/mp3-player/Release/arduino.ar(dma_f1.c.o)
                0x0800ab6c                __irq_dma1_channel3
 .text.__irq_dma1_channel4
                0x0800ab88       0x1c C:/Users/Victor/Documents/sloeber-workspace/mp3-player/Release/arduino.ar(dma_f1.c.o)
                0x0800ab88                __irq_dma1_channel4
 .text.__irq_dma1_channel5
                0x0800aba4       0x1c C:/Users/Victor/Documents/sloeber-workspace/mp3-player/Release/arduino.ar(dma_f1.c.o)
                0x0800aba4                __irq_dma1_channel5
 .text.__irq_dma1_channel6
                0x0800abc0       0x1c C:/Users/Victor/Documents/sloeber-workspace/mp3-player/Release/arduino.ar(dma_f1.c.o)
                0x0800abc0                __irq_dma1_channel6
 .text.__irq_dma1_channel7
                0x0800abdc       0x1c C:/Users/Victor/Documents/sloeber-workspace/mp3-player/Release/arduino.ar(dma_f1.c.o)
                0x0800abdc                __irq_dma1_channel7
 .text.__irq_dma2_channel1
                0x0800abf8       0x18 C:/Users/Victor/Documents/sloeber-workspace/mp3-player/Release/arduino.ar(dma_f1.c.o)
                0x0800abf8                __irq_dma2_channel1
 .text.__irq_dma2_channel2
                0x0800ac10       0x18 C:/Users/Victor/Documents/sloeber-workspace/mp3-player/Release/arduino.ar(dma_f1.c.o)
                0x0800ac10                __irq_dma2_channel2
 .text.__irq_dma2_channel3
                0x0800ac28       0x1c C:/Users/Victor/Documents/sloeber-workspace/mp3-player/Release/arduino.ar(dma_f1.c.o)
                0x0800ac28                __irq_dma2_channel3
 .text.__irq_dma2_channel4_5
                0x0800ac44       0x50 C:/Users/Victor/Documents/sloeber-workspace/mp3-player/Release/arduino.ar(dma_f1.c.o)
                0x0800ac44                __irq_dma2_channel4_5
 .text.gpio_init_all
                0x0800ac94       0x4c C:/Users/Victor/Documents/sloeber-workspace/mp3-player/Release/arduino.ar(gpio_f1.c.o)
                0x0800ac94                gpio_init_all
 .text.gpio_set_mode
                0x0800ace0       0x60 C:/Users/Victor/Documents/sloeber-workspace/mp3-player/Release/arduino.ar(gpio_f1.c.o)
                0x0800ace0                gpio_set_mode
 .text.afio_init
                0x0800ad40       0x14 C:/Users/Victor/Documents/sloeber-workspace/mp3-player/Release/arduino.ar(gpio_f1.c.o)
                0x0800ad40                afio_init
 .text.rcc_dev_clk
                0x0800ad54        0xc C:/Users/Victor/Documents/sloeber-workspace/mp3-player/Release/arduino.ar(rcc.c.o)
                0x0800ad54                rcc_dev_clk
 .text.rcc_switch_sysclk
                0x0800ad60       0x20 C:/Users/Victor/Documents/sloeber-workspace/mp3-player/Release/arduino.ar(rcc.c.o)
                0x0800ad60                rcc_switch_sysclk
 .text.rcc_turn_on_clk
                0x0800ad80       0x1c C:/Users/Victor/Documents/sloeber-workspace/mp3-player/Release/arduino.ar(rcc.c.o)
                0x0800ad80                rcc_turn_on_clk
 .text.rcc_turn_off_clk
                0x0800ad9c       0x1c C:/Users/Victor/Documents/sloeber-workspace/mp3-player/Release/arduino.ar(rcc.c.o)
                0x0800ad9c                rcc_turn_off_clk
 .text.rcc_is_clk_on
                0x0800adb8       0x1c C:/Users/Victor/Documents/sloeber-workspace/mp3-player/Release/arduino.ar(rcc.c.o)
                0x0800adb8                rcc_is_clk_on
 .text.rcc_is_clk_ready
                0x0800add4       0x18 C:/Users/Victor/Documents/sloeber-workspace/mp3-player/Release/arduino.ar(rcc.c.o)
                0x0800add4                rcc_is_clk_ready
 .text.rcc_configure_pll
                0x0800adec       0x38 C:/Users/Victor/Documents/sloeber-workspace/mp3-player/Release/arduino.ar(rcc_f1.c.o)
                0x0800adec                rcc_configure_pll
 .text.rcc_clk_enable
                0x0800ae24       0x30 C:/Users/Victor/Documents/sloeber-workspace/mp3-player/Release/arduino.ar(rcc_f1.c.o)
                0x0800ae24                rcc_clk_enable
 .text.rcc_reset_dev
                0x0800ae54       0x34 C:/Users/Victor/Documents/sloeber-workspace/mp3-player/Release/arduino.ar(rcc_f1.c.o)
                0x0800ae54                rcc_reset_dev
 .text.rcc_set_prescaler
                0x0800ae88       0x24 C:/Users/Victor/Documents/sloeber-workspace/mp3-player/Release/arduino.ar(rcc_f1.c.o)
                0x0800ae88                rcc_set_prescaler
 .text.rcc_clk_disable
                0x0800aeac       0x30 C:/Users/Victor/Documents/sloeber-workspace/mp3-player/Release/arduino.ar(rcc_f1.c.o)
                0x0800aeac                rcc_clk_disable
 .text.spi_peripheral_disable
                0x0800aedc       0x10 C:/Users/Victor/Documents/sloeber-workspace/mp3-player/Release/arduino.ar(spi.c.o)
                0x0800aedc                spi_peripheral_disable
 .text.spi_tx_dma_enable
                0x0800aeec       0x10 C:/Users/Victor/Documents/sloeber-workspace/mp3-player/Release/arduino.ar(spi.c.o)
                0x0800aeec                spi_tx_dma_enable
 .text.spi_tx_dma_disable
                0x0800aefc       0x10 C:/Users/Victor/Documents/sloeber-workspace/mp3-player/Release/arduino.ar(spi.c.o)
                0x0800aefc                spi_tx_dma_disable
 .text.spi_rx_dma_enable
                0x0800af0c       0x10 C:/Users/Victor/Documents/sloeber-workspace/mp3-player/Release/arduino.ar(spi.c.o)
                0x0800af0c                spi_rx_dma_enable
 .text.spi_rx_dma_disable
                0x0800af1c       0x10 C:/Users/Victor/Documents/sloeber-workspace/mp3-player/Release/arduino.ar(spi.c.o)
                0x0800af1c                spi_rx_dma_disable
 .text.systick_init
                0x0800af2c       0x10 C:/Users/Victor/Documents/sloeber-workspace/mp3-player/Release/arduino.ar(systick.c.o)
                0x0800af2c                systick_init
 .text.__exc_systick
                0x0800af3c       0x1c C:/Users/Victor/Documents/sloeber-workspace/mp3-player/Release/arduino.ar(systick.c.o)
                0x0800af3c                __exc_systick
 .text.timer_foreach
                0x0800af58       0x48 C:/Users/Victor/Documents/sloeber-workspace/mp3-player/Release/arduino.ar(timer.c.o)
                0x0800af58                timer_foreach
 .text.timer_init
                0x0800afa0       0x14 C:/Users/Victor/Documents/sloeber-workspace/mp3-player/Release/arduino.ar(timer.c.o)
                0x0800afa0                timer_init
 .text.timer_set_mode
                0x0800afb4      0x134 C:/Users/Victor/Documents/sloeber-workspace/mp3-player/Release/arduino.ar(timer.c.o)
                0x0800afb4                timer_set_mode
 .text.timer_has_cc_channel
                0x0800b0e8       0x50 C:/Users/Victor/Documents/sloeber-workspace/mp3-player/Release/arduino.ar(timer.c.o)
                0x0800b0e8                timer_has_cc_channel
 .text.__irq_tim1_brk
                0x0800b138       0x24 C:/Users/Victor/Documents/sloeber-workspace/mp3-player/Release/arduino.ar(timer.c.o)
                0x0800b138                __irq_tim1_brk
 .text.__irq_tim1_up
                0x0800b15c       0x24 C:/Users/Victor/Documents/sloeber-workspace/mp3-player/Release/arduino.ar(timer.c.o)
                0x0800b15c                __irq_tim1_up
 .text.__irq_tim1_trg_com
                0x0800b180       0x38 C:/Users/Victor/Documents/sloeber-workspace/mp3-player/Release/arduino.ar(timer.c.o)
                0x0800b180                __irq_tim1_trg_com
 .text.__irq_tim1_cc
                0x0800b1b8       0x54 C:/Users/Victor/Documents/sloeber-workspace/mp3-player/Release/arduino.ar(timer.c.o)
                0x0800b1b8                __irq_tim1_cc
 .text.__irq_tim2
                0x0800b20c       0x70 C:/Users/Victor/Documents/sloeber-workspace/mp3-player/Release/arduino.ar(timer.c.o)
                0x0800b20c                __irq_tim2
 .text.__irq_tim3
                0x0800b27c       0x70 C:/Users/Victor/Documents/sloeber-workspace/mp3-player/Release/arduino.ar(timer.c.o)
                0x0800b27c                __irq_tim3
 .text.__irq_tim4
                0x0800b2ec       0x70 C:/Users/Victor/Documents/sloeber-workspace/mp3-player/Release/arduino.ar(timer.c.o)
                0x0800b2ec                __irq_tim4
 .text.__irq_tim5
                0x0800b35c       0x70 C:/Users/Victor/Documents/sloeber-workspace/mp3-player/Release/arduino.ar(timer.c.o)
                0x0800b35c                __irq_tim5
 .text.__irq_tim6
                0x0800b3cc       0x24 C:/Users/Victor/Documents/sloeber-workspace/mp3-player/Release/arduino.ar(timer.c.o)
                0x0800b3cc                __irq_tim6
 .text.__irq_tim7
                0x0800b3f0       0x24 C:/Users/Victor/Documents/sloeber-workspace/mp3-player/Release/arduino.ar(timer.c.o)
                0x0800b3f0                __irq_tim7
 .text.__irq_tim8_brk
                0x0800b414       0x24 C:/Users/Victor/Documents/sloeber-workspace/mp3-player/Release/arduino.ar(timer.c.o)
                0x0800b414                __irq_tim8_brk
 .text.__irq_tim8_up
                0x0800b438       0x24 C:/Users/Victor/Documents/sloeber-workspace/mp3-player/Release/arduino.ar(timer.c.o)
                0x0800b438                __irq_tim8_up
 .text.__irq_tim8_trg_com
                0x0800b45c       0x38 C:/Users/Victor/Documents/sloeber-workspace/mp3-player/Release/arduino.ar(timer.c.o)
                0x0800b45c                __irq_tim8_trg_com
 .text.__irq_tim8_cc
                0x0800b494       0x54 C:/Users/Victor/Documents/sloeber-workspace/mp3-player/Release/arduino.ar(timer.c.o)
                0x0800b494                __irq_tim8_cc
 .text.__irq_usart1
                0x0800b4e8       0xe0 C:/Users/Victor/Documents/sloeber-workspace/mp3-player/Release/arduino.ar(usart_f1.c.o)
                0x0800b4e8                __irq_usart1
 .text.__irq_usart2
                0x0800b5c8       0xe0 C:/Users/Victor/Documents/sloeber-workspace/mp3-player/Release/arduino.ar(usart_f1.c.o)
                0x0800b5c8                __irq_usart2
 .text.__irq_usart3
                0x0800b6a8       0xe0 C:/Users/Victor/Documents/sloeber-workspace/mp3-player/Release/arduino.ar(usart_f1.c.o)
                0x0800b6a8                __irq_usart3
 .text.__irq_uart4
                0x0800b788       0xe0 C:/Users/Victor/Documents/sloeber-workspace/mp3-player/Release/arduino.ar(usart_f1.c.o)
                0x0800b788                __irq_uart4
 .text.__irq_uart5
                0x0800b868       0xe0 C:/Users/Victor/Documents/sloeber-workspace/mp3-player/Release/arduino.ar(usart_f1.c.o)
                0x0800b868                __irq_uart5
 .text.usart_putstr
                0x0800b948       0x30 C:/Users/Victor/Documents/sloeber-workspace/mp3-player/Release/arduino.ar(util.c.o)
 .text.throb    0x0800b978       0x54 C:/Users/Victor/Documents/sloeber-workspace/mp3-player/Release/arduino.ar(util.c.o)
                0x0800b978                throb
 .text.__error  0x0800b9cc       0x14 C:/Users/Victor/Documents/sloeber-workspace/mp3-player/Release/arduino.ar(util.c.o)
                0x0800b9cc                __error
 .text._fail    0x0800b9e0       0x84 C:/Users/Victor/Documents/sloeber-workspace/mp3-player/Release/arduino.ar(util.c.o)
                0x0800b9e0                _fail
 .text._ZN14HardwareSerial4readEv
                0x0800ba64       0x58 C:/Users/Victor/Documents/sloeber-workspace/mp3-player/Release/arduino.ar(HardwareSerial.cpp.o)
                0x0800ba64                HardwareSerial::read()
 .text._ZN14HardwareSerial9availableEv
                0x0800babc       0x30 C:/Users/Victor/Documents/sloeber-workspace/mp3-player/Release/arduino.ar(HardwareSerial.cpp.o)
                0x0800babc                HardwareSerial::available()
 .text._ZN14HardwareSerial4peekEv
                0x0800baec       0x24 C:/Users/Victor/Documents/sloeber-workspace/mp3-player/Release/arduino.ar(HardwareSerial.cpp.o)
                0x0800baec                HardwareSerial::peek()
 .text._ZN14HardwareSerial5flushEv
                0x0800bb10       0x1c C:/Users/Victor/Documents/sloeber-workspace/mp3-player/Release/arduino.ar(HardwareSerial.cpp.o)
                0x0800bb10                HardwareSerial::flush()
 .text._ZN14HardwareSerial5writeEh
                0x0800bb2c       0x20 C:/Users/Victor/Documents/sloeber-workspace/mp3-player/Release/arduino.ar(HardwareSerial.cpp.o)
                0x0800bb2c                HardwareSerial::write(unsigned char)
 .text._ZN14HardwareSerialC2EP9usart_devhh
                0x0800bb4c       0x20 C:/Users/Victor/Documents/sloeber-workspace/mp3-player/Release/arduino.ar(HardwareSerial.cpp.o)
                0x0800bb4c                HardwareSerial::HardwareSerial(usart_dev*, unsigned char, unsigned char)
                0x0800bb4c                HardwareSerial::HardwareSerial(usart_dev*, unsigned char, unsigned char)
 .text._ZN5Print5writeEPKc
                0x0800bb6c       0x28 C:/Users/Victor/Documents/sloeber-workspace/mp3-player/Release/arduino.ar(Print.cpp.o)
                0x0800bb6c                Print::write(char const*)
 .text._ZN5Print5writeEPKvm
                0x0800bb94       0x20 C:/Users/Victor/Documents/sloeber-workspace/mp3-player/Release/arduino.ar(Print.cpp.o)
                0x0800bb94                Print::write(void const*, unsigned long)
 .text._ZN5Print5printEPKc
                0x0800bbb4        0xc C:/Users/Victor/Documents/sloeber-workspace/mp3-player/Release/arduino.ar(Print.cpp.o)
                0x0800bbb4                Print::print(char const*)
 .text._ZN5Print7printlnEv
                0x0800bbc0       0x1c C:/Users/Victor/Documents/sloeber-workspace/mp3-player/Release/arduino.ar(Print.cpp.o)
                0x0800bbc0                Print::println()
 .text._ZN5Print7printlnEPKc
                0x0800bbdc       0x18 C:/Users/Victor/Documents/sloeber-workspace/mp3-player/Release/arduino.ar(Print.cpp.o)
                0x0800bbdc                Print::println(char const*)
 .text._ZN5Print11printNumberEyh
                0x0800bbf4       0x8c C:/Users/Victor/Documents/sloeber-workspace/mp3-player/Release/arduino.ar(Print.cpp.o)
                0x0800bbf4                Print::printNumber(unsigned long long, unsigned char)
 .text._ZN5Print5printEmi
                0x0800bc80       0x18 C:/Users/Victor/Documents/sloeber-workspace/mp3-player/Release/arduino.ar(Print.cpp.o)
                0x0800bc80                Print::print(unsigned long, int)
 .text._ZN5Print7printlnEmi
                0x0800bc98       0x20 C:/Users/Victor/Documents/sloeber-workspace/mp3-player/Release/arduino.ar(Print.cpp.o)
                0x0800bc98                Print::println(unsigned long, int)
 .text.__empty  0x0800bcb8        0x4 C:/Users/Victor/Documents/sloeber-workspace/mp3-player/Release/arduino.ar(hooks.c.o)
                0x0800bcb8                yield
 .text.startup._Z7premainv
                0x0800bcbc        0x4 C:/Users/Victor/Documents/sloeber-workspace/mp3-player/Release/arduino.ar(main.cpp.o)
                0x0800bcbc                premain()
 .text.startup.main
                0x0800bcc0        0xc C:/Users/Victor/Documents/sloeber-workspace/mp3-player/Release/arduino.ar(main.cpp.o)
                0x0800bcc0                main
 .text._ZdlPv   0x0800bccc        0x4 C:/Users/Victor/Documents/sloeber-workspace/mp3-player/Release/arduino.ar(new.cpp.o)
                0x0800bccc                operator delete(void*)
 .text._Z15sdio_gpios_initv
                0x0800bcd0       0x60 C:/Users/Victor/Documents/sloeber-workspace/mp3-player/Release/arduino.ar(sdio.cpp.o)
                0x0800bcd0                sdio_gpios_init()
 .text._Z14sdio_set_clockm
                0x0800bd30       0x7c C:/Users/Victor/Documents/sloeber-workspace/mp3-player/Release/arduino.ar(sdio.cpp.o)
                0x0800bd30                sdio_set_clock(unsigned long)
 .text._Z19sdio_set_dbus_widtht
                0x0800bdac       0x5c C:/Users/Victor/Documents/sloeber-workspace/mp3-player/Release/arduino.ar(sdio.cpp.o)
                0x0800bdac                sdio_set_dbus_width(unsigned short)
 .text._Z10sdio_beginv
                0x0800be08       0x3c C:/Users/Victor/Documents/sloeber-workspace/mp3-player/Release/arduino.ar(sdio.cpp.o)
                0x0800be08                sdio_begin()
 .text._Z13sdio_cmd_sendtm
                0x0800be44       0x50 C:/Users/Victor/Documents/sloeber-workspace/mp3-player/Release/arduino.ar(sdio.cpp.o)
                0x0800be44                sdio_cmd_send(unsigned short, unsigned long)
 .text._ZN9USBSerial9availableEv
                0x0800be94        0x4 C:/Users/Victor/Documents/sloeber-workspace/mp3-player/Release/arduino.ar(usb_serial.cpp.o)
                0x0800be94                USBSerial::available()
 .text._ZL10wait_resetv
                0x0800be98       0x10 C:/Users/Victor/Documents/sloeber-workspace/mp3-player/Release/arduino.ar(usb_serial.cpp.o)
 .text._ZN9USBSerial4peekEv
                0x0800bea8       0x20 C:/Users/Victor/Documents/sloeber-workspace/mp3-player/Release/arduino.ar(usb_serial.cpp.o)
                0x0800bea8                USBSerial::peek()
 .text._ZN9USBSerial4readEv
                0x0800bec8       0x20 C:/Users/Victor/Documents/sloeber-workspace/mp3-player/Release/arduino.ar(usb_serial.cpp.o)
                0x0800bec8                USBSerial::read()
 .text._ZN9USBSerial5flushEv
                0x0800bee8       0x28 C:/Users/Victor/Documents/sloeber-workspace/mp3-player/Release/arduino.ar(usb_serial.cpp.o)
                0x0800bee8                USBSerial::flush()
 .text._ZL14ifaceSetupHookjPv
                0x0800bf10       0x54 C:/Users/Victor/Documents/sloeber-workspace/mp3-player/Release/arduino.ar(usb_serial.cpp.o)
 .text._ZL6rxHookjPv
                0x0800bf64       0x9c C:/Users/Victor/Documents/sloeber-workspace/mp3-player/Release/arduino.ar(usb_serial.cpp.o)
 .text._ZN9USBSerial5beginEv.part.4
                0x0800c000       0x38 C:/Users/Victor/Documents/sloeber-workspace/mp3-player/Release/arduino.ar(usb_serial.cpp.o)
 .text._ZN9USBSerial5beginEv
                0x0800c038       0x10 C:/Users/Victor/Documents/sloeber-workspace/mp3-player/Release/arduino.ar(usb_serial.cpp.o)
                0x0800c038                USBSerial::begin()
 .text._ZN9USBSerial5beginEm
                0x0800c048       0x1c C:/Users/Victor/Documents/sloeber-workspace/mp3-player/Release/arduino.ar(usb_serial.cpp.o)
                0x0800c048                USBSerial::begin(unsigned long)
 .text._ZN9USBSerialcvbEv
                0x0800c064       0x20 C:/Users/Victor/Documents/sloeber-workspace/mp3-player/Release/arduino.ar(usb_serial.cpp.o)
                0x0800c064                USBSerial::operator bool()
 .text._ZN9USBSerial5writeEPKhm
                0x0800c084       0x24 C:/Users/Victor/Documents/sloeber-workspace/mp3-player/Release/arduino.ar(usb_serial.cpp.o)
                0x0800c084                USBSerial::write(unsigned char const*, unsigned long)
 .text._ZN9USBSerial5writeEh
                0x0800c0a8       0x1c C:/Users/Victor/Documents/sloeber-workspace/mp3-player/Release/arduino.ar(usb_serial.cpp.o)
                0x0800c0a8                USBSerial::write(unsigned char)
 .text._ZN9USBSerial5writeEPKc
                0x0800c0c4       0x1c C:/Users/Victor/Documents/sloeber-workspace/mp3-player/Release/arduino.ar(usb_serial.cpp.o)
                0x0800c0c4                USBSerial::write(char const*)
 .text.startup._GLOBAL__sub_I__ZN9USBSerial9_hasBegunE
                0x0800c0e0       0x1c C:/Users/Victor/Documents/sloeber-workspace/mp3-player/Release/arduino.ar(usb_serial.cpp.o)
 .text._Z5delaym
                0x0800c0fc       0x1c C:/Users/Victor/Documents/sloeber-workspace/mp3-player/Release/arduino.ar(wirish_time.cpp.o)
                0x0800c0fc                delay(unsigned long)
 .text._Z17delayMicrosecondsm
                0x0800c118       0x10 C:/Users/Victor/Documents/sloeber-workspace/mp3-player/Release/arduino.ar(wirish_time.cpp.o)
                0x0800c118                delayMicroseconds(unsigned long)
 .text._ZL18adc_default_configP7adc_dev
                0x0800c128       0x1c C:/Users/Victor/Documents/sloeber-workspace/mp3-player/Release/arduino.ar(boards.cpp.o)
 .text._ZL20timer_default_configP9timer_dev
                0x0800c144       0xa8 C:/Users/Victor/Documents/sloeber-workspace/mp3-player/Release/arduino.ar(boards.cpp.o)
 .text._Z9boardInitv
                0x0800c1ec        0x4 C:/Users/Victor/Documents/sloeber-workspace/mp3-player/Release/arduino.ar(boards.cpp.o)
                0x0800c1ec                boardInit()
 .text._Z4initv
                0x0800c1f0       0xbc C:/Users/Victor/Documents/sloeber-workspace/mp3-player/Release/arduino.ar(boards.cpp.o)
                0x0800c1f0                init()
 .text._ZN6wirish4priv15board_reset_pllEv
                0x0800c2ac        0x4 C:/Users/Victor/Documents/sloeber-workspace/mp3-player/Release/arduino.ar(boards_setup.cpp.o)
                0x0800c2ac                wirish::priv::board_reset_pll()
 .text._ZN6wirish4priv28board_setup_clock_prescalersEv
                0x0800c2b0       0x30 C:/Users/Victor/Documents/sloeber-workspace/mp3-player/Release/arduino.ar(boards_setup.cpp.o)
                0x0800c2b0                wirish::priv::board_setup_clock_prescalers()
 .text._ZN6wirish4priv16board_setup_gpioEv
                0x0800c2e0        0x4 C:/Users/Victor/Documents/sloeber-workspace/mp3-player/Release/arduino.ar(boards_setup.cpp.o)
                0x0800c2e0                wirish::priv::board_setup_gpio()
 .text._ZN6wirish4priv15board_setup_usbEv
                0x0800c2e4       0x5c C:/Users/Victor/Documents/sloeber-workspace/mp3-player/Release/arduino.ar(boards_setup.cpp.o)
                0x0800c2e4                wirish::priv::board_setup_usb()
 .text._ZN6wirish4priv11series_initEv
                0x0800c340        0x4 C:/Users/Victor/Documents/sloeber-workspace/mp3-player/Release/arduino.ar(boards_setup.cpp.o)
                0x0800c340                wirish::priv::series_init()
 .text.Standard_GetConfiguration
                0x0800c344       0x28 C:/Users/Victor/Documents/sloeber-workspace/mp3-player/Release/arduino.ar(usb_core.c.o)
                0x0800c344                Standard_GetConfiguration
 .text.Standard_GetInterface
                0x0800c36c       0x28 C:/Users/Victor/Documents/sloeber-workspace/mp3-player/Release/arduino.ar(usb_core.c.o)
                0x0800c36c                Standard_GetInterface
 .text.Standard_GetStatus
                0x0800c394       0x98 C:/Users/Victor/Documents/sloeber-workspace/mp3-player/Release/arduino.ar(usb_core.c.o)
                0x0800c394                Standard_GetStatus
 .text.DataStageIn
                0x0800c42c       0xb8 C:/Users/Victor/Documents/sloeber-workspace/mp3-player/Release/arduino.ar(usb_core.c.o)
 .text.Standard_SetConfiguration
                0x0800c4e4       0x3c C:/Users/Victor/Documents/sloeber-workspace/mp3-player/Release/arduino.ar(usb_core.c.o)
                0x0800c4e4                Standard_SetConfiguration
 .text.Standard_SetInterface
                0x0800c520       0x50 C:/Users/Victor/Documents/sloeber-workspace/mp3-player/Release/arduino.ar(usb_core.c.o)
                0x0800c520                Standard_SetInterface
 .text.Standard_ClearFeature
                0x0800c570       0xd4 C:/Users/Victor/Documents/sloeber-workspace/mp3-player/Release/arduino.ar(usb_core.c.o)
                0x0800c570                Standard_ClearFeature
 .text.Standard_SetEndPointFeature
                0x0800c644       0x90 C:/Users/Victor/Documents/sloeber-workspace/mp3-player/Release/arduino.ar(usb_core.c.o)
                0x0800c644                Standard_SetEndPointFeature
 .text.Standard_GetDescriptorData
                0x0800c6d4       0x1c C:/Users/Victor/Documents/sloeber-workspace/mp3-player/Release/arduino.ar(usb_core.c.o)
                0x0800c6d4                Standard_GetDescriptorData
 .text.Post0_Process
                0x0800c6f0       0x40 C:/Users/Victor/Documents/sloeber-workspace/mp3-player/Release/arduino.ar(usb_core.c.o)
                0x0800c6f0                Post0_Process
 .text.Setup0_Process
                0x0800c730      0x370 C:/Users/Victor/Documents/sloeber-workspace/mp3-player/Release/arduino.ar(usb_core.c.o)
                0x0800c730                Setup0_Process
 .text.Out0_Process
                0x0800caa0       0xe8 C:/Users/Victor/Documents/sloeber-workspace/mp3-player/Release/arduino.ar(usb_core.c.o)
                0x0800caa0                Out0_Process
 .text.SetDeviceAddress
                0x0800cb88       0x38 C:/Users/Victor/Documents/sloeber-workspace/mp3-player/Release/arduino.ar(usb_core.c.o)
                0x0800cb88                SetDeviceAddress
 .text.In0_Process
                0x0800cbc0       0x70 C:/Users/Victor/Documents/sloeber-workspace/mp3-player/Release/arduino.ar(usb_core.c.o)
                0x0800cbc0                In0_Process
 .text.NOP_Process
                0x0800cc30        0x4 C:/Users/Victor/Documents/sloeber-workspace/mp3-player/Release/arduino.ar(usb_core.c.o)
                0x0800cc30                NOP_Process
 .text.UserToPMABufferCopy
                0x0800cc34       0x3c C:/Users/Victor/Documents/sloeber-workspace/mp3-player/Release/arduino.ar(usb_mem.c.o)
                0x0800cc34                UserToPMABufferCopy
 .text.PMAToUserBufferCopy
                0x0800cc70       0x20 C:/Users/Victor/Documents/sloeber-workspace/mp3-player/Release/arduino.ar(usb_mem.c.o)
                0x0800cc70                PMAToUserBufferCopy
 .text.SetEPTxStatus
                0x0800cc90       0x2c C:/Users/Victor/Documents/sloeber-workspace/mp3-player/Release/arduino.ar(usb_regs.c.o)
                0x0800cc90                SetEPTxStatus
 .text.ClearDTOG_RX
                0x0800ccbc       0x20 C:/Users/Victor/Documents/sloeber-workspace/mp3-player/Release/arduino.ar(usb_regs.c.o)
                0x0800ccbc                ClearDTOG_RX
 .text.ClearDTOG_TX
                0x0800ccdc       0x20 C:/Users/Victor/Documents/sloeber-workspace/mp3-player/Release/arduino.ar(usb_regs.c.o)
                0x0800ccdc                ClearDTOG_TX
 .text.GetEPTxAddr
                0x0800ccfc       0x1c C:/Users/Victor/Documents/sloeber-workspace/mp3-player/Release/arduino.ar(usb_regs.c.o)
                0x0800ccfc                GetEPTxAddr
 .text.GetEPRxAddr
                0x0800cd18       0x1c C:/Users/Victor/Documents/sloeber-workspace/mp3-player/Release/arduino.ar(usb_regs.c.o)
                0x0800cd18                GetEPRxAddr
 .text.SetEPTxCount
                0x0800cd34       0x1c C:/Users/Victor/Documents/sloeber-workspace/mp3-player/Release/arduino.ar(usb_regs.c.o)
                0x0800cd34                SetEPTxCount
 .text.SetEPRxCount
                0x0800cd50       0x44 C:/Users/Victor/Documents/sloeber-workspace/mp3-player/Release/arduino.ar(usb_regs.c.o)
                0x0800cd50                SetEPRxCount
 .text.adc_init
                0x0800cd94       0x14 C:/Users/Victor/Documents/sloeber-workspace/mp3-player/Release/arduino.ar(adc.c.o)
                0x0800cd94                adc_init
 .text.adc_set_extsel
                0x0800cda8       0x14 C:/Users/Victor/Documents/sloeber-workspace/mp3-player/Release/arduino.ar(adc.c.o)
                0x0800cda8                adc_set_extsel
 .text.adc_set_sample_rate
                0x0800cdbc       0x30 C:/Users/Victor/Documents/sloeber-workspace/mp3-player/Release/arduino.ar(adc.c.o)
                0x0800cdbc                adc_set_sample_rate
 .text.flash_set_latency
                0x0800cdec       0x14 C:/Users/Victor/Documents/sloeber-workspace/mp3-player/Release/arduino.ar(flash.c.o)
                0x0800cdec                flash_set_latency
 .text.gpio_init
                0x0800ce00       0x14 C:/Users/Victor/Documents/sloeber-workspace/mp3-player/Release/arduino.ar(gpio.c.o)
                0x0800ce00                gpio_init
 .text.iwdg_init
                0x0800ce14       0x24 C:/Users/Victor/Documents/sloeber-workspace/mp3-player/Release/arduino.ar(iwdg.c.o)
                0x0800ce14                iwdg_init
 .text.nvic_init
                0x0800ce38       0x34 C:/Users/Victor/Documents/sloeber-workspace/mp3-player/Release/arduino.ar(nvic.c.o)
                0x0800ce38                nvic_init
 .text.nvic_sys_reset
                0x0800ce6c       0x1c C:/Users/Victor/Documents/sloeber-workspace/mp3-player/Release/arduino.ar(nvic.c.o)
                0x0800ce6c                nvic_sys_reset
 .text.usart_tx
                0x0800ce88       0xfc C:/Users/Victor/Documents/sloeber-workspace/mp3-player/Release/arduino.ar(usart.c.o)
                0x0800ce88                usart_tx
 .text.usart_putudec
                0x0800cf84       0x54 C:/Users/Victor/Documents/sloeber-workspace/mp3-player/Release/arduino.ar(usart.c.o)
                0x0800cf84                usart_putudec
 .text.__aeabi_atexit
                0x0800cfd8        0xa d:/linked_to_c/sloeber/arduinoplugin/packages/arduino/tools/arm-none-eabi-gcc/4.8.3-2014q1/bin/../lib/gcc/arm-none-eabi/4.8.3/../../../../arm-none-eabi/lib/armv7-m\libstdc++_s.a(atexit_arm.o)
                0x0800cfd8                __aeabi_atexit
 *fill*         0x0800cfe2        0x2 
 .text          0x0800cfe4       0x2c d:/linked_to_c/sloeber/arduinoplugin/packages/arduino/tools/arm-none-eabi-gcc/4.8.3-2014q1/bin/../lib/gcc/arm-none-eabi/4.8.3/armv7-m\libgcc.a(_aeabi_uldivmod.o)
                0x0800cfe4                __aeabi_uldivmod
 .text          0x0800d010       0x60 d:/linked_to_c/sloeber/arduinoplugin/packages/arduino/tools/arm-none-eabi-gcc/4.8.3-2014q1/bin/../lib/gcc/arm-none-eabi/4.8.3/armv7-m\libgcc.a(bpabi.o)
                0x0800d010                __gnu_ldivmod_helper
                0x0800d040                __gnu_uldivmod_helper
 .text          0x0800d070        0x4 d:/linked_to_c/sloeber/arduinoplugin/packages/arduino/tools/arm-none-eabi-gcc/4.8.3-2014q1/bin/../lib/gcc/arm-none-eabi/4.8.3/armv7-m\libgcc.a(_dvmd_tls.o)
                0x0800d070                __aeabi_idiv0
                0x0800d070                __aeabi_ldiv0
 .text          0x0800d074      0x2a0 d:/linked_to_c/sloeber/arduinoplugin/packages/arduino/tools/arm-none-eabi-gcc/4.8.3-2014q1/bin/../lib/gcc/arm-none-eabi/4.8.3/armv7-m\libgcc.a(_divdi3.o)
                0x0800d074                __divdi3
 .text          0x0800d314      0x290 d:/linked_to_c/sloeber/arduinoplugin/packages/arduino/tools/arm-none-eabi-gcc/4.8.3-2014q1/bin/../lib/gcc/arm-none-eabi/4.8.3/armv7-m\libgcc.a(_udivdi3.o)
                0x0800d314                __udivdi3
 .text.__cxa_atexit
                0x0800d5a4       0x20 d:/linked_to_c/sloeber/arduinoplugin/packages/arduino/tools/arm-none-eabi-gcc/4.8.3-2014q1/bin/../lib/gcc/arm-none-eabi/4.8.3/../../../../arm-none-eabi/lib/armv7-m\libc_s.a(lib_a-cxa_atexit.o)
                0x0800d5a4                __cxa_atexit
 .text.exit     0x0800d5c4       0x28 d:/linked_to_c/sloeber/arduinoplugin/packages/arduino/tools/arm-none-eabi-gcc/4.8.3-2014q1/bin/../lib/gcc/arm-none-eabi/4.8.3/../../../../arm-none-eabi/lib/armv7-m\libc_s.a(lib_a-exit.o)
                0x0800d5c4                exit
 .text.__libc_init_array
                0x0800d5ec       0x4c d:/linked_to_c/sloeber/arduinoplugin/packages/arduino/tools/arm-none-eabi-gcc/4.8.3-2014q1/bin/../lib/gcc/arm-none-eabi/4.8.3/../../../../arm-none-eabi/lib/armv7-m\libc_s.a(lib_a-init.o)
                0x0800d5ec                __libc_init_array
 .text.free     0x0800d638       0x10 d:/linked_to_c/sloeber/arduinoplugin/packages/arduino/tools/arm-none-eabi-gcc/4.8.3-2014q1/bin/../lib/gcc/arm-none-eabi/4.8.3/../../../../arm-none-eabi/lib/armv7-m\libc_s.a(lib_a-malloc.o)
                0x0800d638                free
 .text.memcmp   0x0800d648       0x1e d:/linked_to_c/sloeber/arduinoplugin/packages/arduino/tools/arm-none-eabi-gcc/4.8.3-2014q1/bin/../lib/gcc/arm-none-eabi/4.8.3/../../../../arm-none-eabi/lib/armv7-m\libc_s.a(lib_a-memcmp.o)
                0x0800d648                memcmp
 .text.memcpy   0x0800d666       0x12 d:/linked_to_c/sloeber/arduinoplugin/packages/arduino/tools/arm-none-eabi-gcc/4.8.3-2014q1/bin/../lib/gcc/arm-none-eabi/4.8.3/../../../../arm-none-eabi/lib/armv7-m\libc_s.a(lib_a-memcpy-stub.o)
                0x0800d666                memcpy
 .text.memmove  0x0800d678       0x36 d:/linked_to_c/sloeber/arduinoplugin/packages/arduino/tools/arm-none-eabi-gcc/4.8.3-2014q1/bin/../lib/gcc/arm-none-eabi/4.8.3/../../../../arm-none-eabi/lib/armv7-m\libc_s.a(lib_a-memmove.o)
                0x0800d678                memmove
 .text.memset   0x0800d6ae       0x10 d:/linked_to_c/sloeber/arduinoplugin/packages/arduino/tools/arm-none-eabi-gcc/4.8.3-2014q1/bin/../lib/gcc/arm-none-eabi/4.8.3/../../../../arm-none-eabi/lib/armv7-m\libc_s.a(lib_a-memset.o)
                0x0800d6ae                memset
 *fill*         0x0800d6be        0x2 
 .text._free_r  0x0800d6c0       0x88 d:/linked_to_c/sloeber/arduinoplugin/packages/arduino/tools/arm-none-eabi-gcc/4.8.3-2014q1/bin/../lib/gcc/arm-none-eabi/4.8.3/../../../../arm-none-eabi/lib/armv7-m\libc_s.a(lib_a-nano-freer.o)
                0x0800d6c0                _free_r
 .text.strlen   0x0800d748       0x10 d:/linked_to_c/sloeber/arduinoplugin/packages/arduino/tools/arm-none-eabi-gcc/4.8.3-2014q1/bin/../lib/gcc/arm-none-eabi/4.8.3/../../../../arm-none-eabi/lib/armv7-m\libc_s.a(lib_a-strlen.o)
                0x0800d748                strlen
 .text._exit    0x0800d758        0x4 d:/linked_to_c/sloeber/arduinoplugin/packages/arduino/tools/arm-none-eabi-gcc/4.8.3-2014q1/bin/../lib/gcc/arm-none-eabi/4.8.3/../../../../arm-none-eabi/lib/armv7-m\libnosys.a(_exit.o)
                0x0800d758                _exit
 *(.plt)
 *(.gnu.warning)
 *(.glue_7t)
 .glue_7t       0x00000000        0x0 linker stubs
 *(.glue_7)
 .glue_7        0x00000000        0x0 linker stubs
 *(.vfp11_veneer)
 .vfp11_veneer  0x00000000        0x0 linker stubs
 *(.ARM.extab* .gnu.linkonce.armextab.*)
 *(.gcc_except_table)
 *(.eh_frame_hdr)
 *(.eh_frame)
 .eh_frame      0x0800d75c        0x0 d:/linked_to_c/sloeber/arduinoplugin/packages/arduino/tools/arm-none-eabi-gcc/4.8.3-2014q1/bin/../lib/gcc/arm-none-eabi/4.8.3/armv7-m/crtbegin.o
                0x0800d75c                . = ALIGN (0x4)
 *(.init)
 .init          0x0800d75c        0x4 d:/linked_to_c/sloeber/arduinoplugin/packages/arduino/tools/arm-none-eabi-gcc/4.8.3-2014q1/bin/../lib/gcc/arm-none-eabi/4.8.3/armv7-m/crti.o
                0x0800d75c                _init
 .init          0x0800d760        0x8 d:/linked_to_c/sloeber/arduinoplugin/packages/arduino/tools/arm-none-eabi-gcc/4.8.3-2014q1/bin/../lib/gcc/arm-none-eabi/4.8.3/armv7-m/crtn.o
                0x0800d768                . = ALIGN (0x4)
                0x0800d768                __preinit_array_start = .
 *(.preinit_array)
                0x0800d768                __preinit_array_end = .
                0x0800d768                . = ALIGN (0x4)
                0x0800d768                __init_array_start = .
 *(SORT(.init_array.*))
 .init_array.00101
                0x0800d768        0x4 C:/Users/Victor/Documents/sloeber-workspace/mp3-player/Release/arduino.ar(main.cpp.o)
 *(.init_array)
 .init_array    0x0800d76c        0x4 d:/linked_to_c/sloeber/arduinoplugin/packages/arduino/tools/arm-none-eabi-gcc/4.8.3-2014q1/bin/../lib/gcc/arm-none-eabi/4.8.3/armv7-m/crtbegin.o
 .init_array    0x0800d770        0x4 ./.ino.cpp.o
 .init_array    0x0800d774        0x4 ./libraries/SdFat/src/SpiDriver/SdSpiSTM32F1.cpp.o
 .init_array    0x0800d778        0x4 ./libraries/SPI/src/SPI.cpp.o
 .init_array    0x0800d77c        0x4 C:/Users/Victor/Documents/sloeber-workspace/mp3-player/Release/arduino.ar(board.cpp.o)
 .init_array    0x0800d780        0x4 C:/Users/Victor/Documents/sloeber-workspace/mp3-player/Release/arduino.ar(usb_serial.cpp.o)
                0x0800d784                __init_array_end = .
                0x0800d784                . = ALIGN (0x4)
 *crtbegin.o(.ctors)
 *(EXCLUDE_FILE(*crtend.o) .ctors)
 *(SORT(.ctors.*))
 *crtend.o(.ctors)
                0x0800d784                . = ALIGN (0x4)
 *(.fini)
 .fini          0x0800d784        0x4 d:/linked_to_c/sloeber/arduinoplugin/packages/arduino/tools/arm-none-eabi-gcc/4.8.3-2014q1/bin/../lib/gcc/arm-none-eabi/4.8.3/armv7-m/crti.o
                0x0800d784                _fini
 .fini          0x0800d788        0x8 d:/linked_to_c/sloeber/arduinoplugin/packages/arduino/tools/arm-none-eabi-gcc/4.8.3-2014q1/bin/../lib/gcc/arm-none-eabi/4.8.3/armv7-m/crtn.o
                0x0800d790                . = ALIGN (0x4)
                0x0800d790                __fini_array_start = .
 *(.fini_array)
 .fini_array    0x0800d790        0x4 d:/linked_to_c/sloeber/arduinoplugin/packages/arduino/tools/arm-none-eabi-gcc/4.8.3-2014q1/bin/../lib/gcc/arm-none-eabi/4.8.3/armv7-m/crtbegin.o
 *(SORT(.fini_array.*))
                0x0800d794                __fini_array_end = .
 *crtbegin.o(.dtors)
 *(EXCLUDE_FILE(*crtend.o) .dtors)
 *(SORT(.dtors.*))
 *crtend.o(.dtors)

.v4_bx          0x0800d794        0x0
 .v4_bx         0x00000000        0x0 linker stubs

.iplt           0x0800d794        0x0
 .iplt          0x00000000        0x0 d:/linked_to_c/sloeber/arduinoplugin/packages/arduino/tools/arm-none-eabi-gcc/4.8.3-2014q1/bin/../lib/gcc/arm-none-eabi/4.8.3/armv7-m/crtbegin.o

.text.align     0x0800d794        0x4
                0x0800d798                . = ALIGN (0x8)
 *fill*         0x0800d794        0x4 
                0x0800d798                __text_end__ = .
                0x0800d798                __exidx_start = .

.ARM.exidx      0x0800d798        0x8
 *(.ARM.exidx* .gnu.linkonce.armexidx.*)
 .ARM.exidx     0x0800d798        0x8 C:/Users/Victor/Documents/sloeber-workspace/mp3-player/Release/arduino.ar(start.S.o)
 .ARM.exidx     0x0800d7a0        0x0 d:/linked_to_c/sloeber/arduinoplugin/packages/arduino/tools/arm-none-eabi-gcc/4.8.3-2014q1/bin/../lib/gcc/arm-none-eabi/4.8.3/armv7-m\libgcc.a(_divdi3.o)
                                  0x8 (size before relaxing)
 .ARM.exidx     0x0800d7a0        0x0 d:/linked_to_c/sloeber/arduinoplugin/packages/arduino/tools/arm-none-eabi-gcc/4.8.3-2014q1/bin/../lib/gcc/arm-none-eabi/4.8.3/armv7-m\libgcc.a(_udivdi3.o)
                                  0x8 (size before relaxing)
                0x0800d7a0                __exidx_end = .

.data           0x20000000      0x818 load address 0x0800d7a0
                0x20000000                __data_start__ = .
                0x20000000        0x4 LONG 0x0
                0x20000008                . = ALIGN (0x8)
 *fill*         0x20000004        0x4 
 *(.got.plt)
 *(.got)
 *(.data .data.* .gnu.linkonce.d.*)
 .data          0x20000008        0x4 d:/linked_to_c/sloeber/arduinoplugin/packages/arduino/tools/arm-none-eabi-gcc/4.8.3-2014q1/bin/../lib/gcc/arm-none-eabi/4.8.3/armv7-m/crtbegin.o
                0x20000008                __dso_handle
 .data.filename
                0x2000000c        0x4 ./.ino.cpp.o
                0x2000000c                filename
 .data._ZL11m_errorCode
                0x20000010        0x1 ./libraries/SDIO/SdioF1.cpp.o
 *fill*         0x20000011        0x3 
 .data          0x20000014      0x188 ./Adafruit_MP3/src/trigtabs.cpp.o
                0x20000014                xmp3_csa
                0x20000054                xmp3_ISFIIP
                0x20000064                xmp3_ISFMpeg2
                0x20000164                xmp3_ISFMpeg1
 .data.USBLIB   0x2000019c        0x4 C:/Users/Victor/Documents/sloeber-workspace/mp3-player/Release/arduino.ar(usb.c.o)
                0x2000019c                USBLIB
 .data.usblib   0x200001a0       0x10 C:/Users/Victor/Documents/sloeber-workspace/mp3-player/Release/arduino.ar(usb.c.o)
 .data.Device_Property
                0x200001b0       0x30 C:/Users/Victor/Documents/sloeber-workspace/mp3-player/Release/arduino.ar(usb_cdcacm.c.o)
                0x200001b0                Device_Property
 .data.ep_int_in
                0x200001e0       0x1c C:/Users/Victor/Documents/sloeber-workspace/mp3-player/Release/arduino.ar(usb_cdcacm.c.o)
 .data.ep_int_out
                0x200001fc       0x1c C:/Users/Victor/Documents/sloeber-workspace/mp3-player/Release/arduino.ar(usb_cdcacm.c.o)
 .data.String_Descriptor
                0x20000218       0x18 C:/Users/Victor/Documents/sloeber-workspace/mp3-player/Release/arduino.ar(usb_cdcacm.c.o)
 .data.Config_Descriptor
                0x20000230        0x8 C:/Users/Victor/Documents/sloeber-workspace/mp3-player/Release/arduino.ar(usb_cdcacm.c.o)
 .data.line_coding
                0x20000238        0x8 C:/Users/Victor/Documents/sloeber-workspace/mp3-player/Release/arduino.ar(usb_cdcacm.c.o)
 .data.User_Standard_Requests
                0x20000240       0x24 C:/Users/Victor/Documents/sloeber-workspace/mp3-player/Release/arduino.ar(usb_cdcacm.c.o)
                0x20000240                User_Standard_Requests
 .data.Device_Descriptor
                0x20000264        0x8 C:/Users/Victor/Documents/sloeber-workspace/mp3-player/Release/arduino.ar(usb_cdcacm.c.o)
 .data.Device_Table
                0x2000026c        0x4 C:/Users/Victor/Documents/sloeber-workspace/mp3-player/Release/arduino.ar(usb_cdcacm.c.o)
                0x2000026c                Device_Table
 .data.adc2     0x20000270        0x8 C:/Users/Victor/Documents/sloeber-workspace/mp3-player/Release/arduino.ar(adc_f1.c.o)
                0x20000270                adc2
 .data.adc3     0x20000278       0x18 C:/Users/Victor/Documents/sloeber-workspace/mp3-player/Release/arduino.ar(adc_f1.c.o)
                0x20000278                adc3
 .data.adc1     0x20000290       0x18 C:/Users/Victor/Documents/sloeber-workspace/mp3-player/Release/arduino.ar(adc_f1.c.o)
                0x20000290                adc1
 .data.ADC2     0x200002a8        0x4 C:/Users/Victor/Documents/sloeber-workspace/mp3-player/Release/arduino.ar(adc_f1.c.o)
                0x200002a8                ADC2
 .data.ADC1     0x200002ac        0x4 C:/Users/Victor/Documents/sloeber-workspace/mp3-player/Release/arduino.ar(adc_f1.c.o)
                0x200002ac                ADC1
 .data.ADC3     0x200002b0        0x4 C:/Users/Victor/Documents/sloeber-workspace/mp3-player/Release/arduino.ar(adc_f1.c.o)
                0x200002b0                ADC3
 .data.dma1     0x200002b4       0x40 C:/Users/Victor/Documents/sloeber-workspace/mp3-player/Release/arduino.ar(dma_f1.c.o)
 .data.dma2     0x200002f4       0x30 C:/Users/Victor/Documents/sloeber-workspace/mp3-player/Release/arduino.ar(dma_f1.c.o)
 .data.DMA1     0x20000324        0x4 C:/Users/Victor/Documents/sloeber-workspace/mp3-player/Release/arduino.ar(dma_f1.c.o)
                0x20000324                DMA1
 .data.DMA2     0x20000328        0x4 C:/Users/Victor/Documents/sloeber-workspace/mp3-player/Release/arduino.ar(dma_f1.c.o)
                0x20000328                DMA2
 .data.gpioa    0x2000032c        0x8 C:/Users/Victor/Documents/sloeber-workspace/mp3-player/Release/arduino.ar(gpio_f1.c.o)
                0x2000032c                gpioa
 .data.gpiob    0x20000334        0x8 C:/Users/Victor/Documents/sloeber-workspace/mp3-player/Release/arduino.ar(gpio_f1.c.o)
                0x20000334                gpiob
 .data.gpioc    0x2000033c        0x8 C:/Users/Victor/Documents/sloeber-workspace/mp3-player/Release/arduino.ar(gpio_f1.c.o)
                0x2000033c                gpioc
 .data.gpiod    0x20000344        0x8 C:/Users/Victor/Documents/sloeber-workspace/mp3-player/Release/arduino.ar(gpio_f1.c.o)
                0x20000344                gpiod
 .data.gpioe    0x2000034c        0x8 C:/Users/Victor/Documents/sloeber-workspace/mp3-player/Release/arduino.ar(gpio_f1.c.o)
                0x2000034c                gpioe
 .data.gpiof    0x20000354        0x8 C:/Users/Victor/Documents/sloeber-workspace/mp3-player/Release/arduino.ar(gpio_f1.c.o)
                0x20000354                gpiof
 .data.gpiog    0x2000035c        0x8 C:/Users/Victor/Documents/sloeber-workspace/mp3-player/Release/arduino.ar(gpio_f1.c.o)
                0x2000035c                gpiog
 .data.enable_regs.4412
                0x20000364        0xc C:/Users/Victor/Documents/sloeber-workspace/mp3-player/Release/arduino.ar(rcc_f1.c.o)
 .data.reset_regs.4416
                0x20000370        0x8 C:/Users/Victor/Documents/sloeber-workspace/mp3-player/Release/arduino.ar(rcc_f1.c.o)
 .data.enable_regs.4425
                0x20000378        0xc C:/Users/Victor/Documents/sloeber-workspace/mp3-player/Release/arduino.ar(rcc_f1.c.o)
 .data.spi1     0x20000384        0x8 C:/Users/Victor/Documents/sloeber-workspace/mp3-player/Release/arduino.ar(spi_f1.c.o)
 .data.spi2     0x2000038c        0x8 C:/Users/Victor/Documents/sloeber-workspace/mp3-player/Release/arduino.ar(spi_f1.c.o)
 .data.spi3     0x20000394        0x8 C:/Users/Victor/Documents/sloeber-workspace/mp3-player/Release/arduino.ar(spi_f1.c.o)
 .data.SPI1     0x2000039c        0x4 C:/Users/Victor/Documents/sloeber-workspace/mp3-player/Release/arduino.ar(spi_f1.c.o)
                0x2000039c                SPI1
 .data.SPI2     0x200003a0        0x4 C:/Users/Victor/Documents/sloeber-workspace/mp3-player/Release/arduino.ar(spi_f1.c.o)
                0x200003a0                SPI2
 .data.SPI3     0x200003a4        0x4 C:/Users/Victor/Documents/sloeber-workspace/mp3-player/Release/arduino.ar(spi_f1.c.o)
                0x200003a4                SPI3
 .data.timer3   0x200003a8       0x24 C:/Users/Victor/Documents/sloeber-workspace/mp3-player/Release/arduino.ar(timer.c.o)
                0x200003a8                timer3
 .data.timer4   0x200003cc       0x24 C:/Users/Victor/Documents/sloeber-workspace/mp3-player/Release/arduino.ar(timer.c.o)
                0x200003cc                timer4
 .data.timer5   0x200003f0       0x24 C:/Users/Victor/Documents/sloeber-workspace/mp3-player/Release/arduino.ar(timer.c.o)
                0x200003f0                timer5
 .data.timer6   0x20000414        0xc C:/Users/Victor/Documents/sloeber-workspace/mp3-player/Release/arduino.ar(timer.c.o)
                0x20000414                timer6
 .data.timer7   0x20000420        0xc C:/Users/Victor/Documents/sloeber-workspace/mp3-player/Release/arduino.ar(timer.c.o)
                0x20000420                timer7
 .data.timer8   0x2000042c       0x28 C:/Users/Victor/Documents/sloeber-workspace/mp3-player/Release/arduino.ar(timer.c.o)
                0x2000042c                timer8
 .data.timer1   0x20000454       0x28 C:/Users/Victor/Documents/sloeber-workspace/mp3-player/Release/arduino.ar(timer.c.o)
                0x20000454                timer1
 .data.timer2   0x2000047c       0x24 C:/Users/Victor/Documents/sloeber-workspace/mp3-player/Release/arduino.ar(timer.c.o)
                0x2000047c                timer2
 .data.USART1   0x200004a0        0x4 C:/Users/Victor/Documents/sloeber-workspace/mp3-player/Release/arduino.ar(usart_f1.c.o)
                0x200004a0                USART1
 .data.USART2   0x200004a4        0x4 C:/Users/Victor/Documents/sloeber-workspace/mp3-player/Release/arduino.ar(usart_f1.c.o)
                0x200004a4                USART2
 .data.USART3   0x200004a8        0x4 C:/Users/Victor/Documents/sloeber-workspace/mp3-player/Release/arduino.ar(usart_f1.c.o)
                0x200004a8                USART3
 .data.usart3   0x200004ac       0x94 C:/Users/Victor/Documents/sloeber-workspace/mp3-player/Release/arduino.ar(usart_f1.c.o)
 .data.usart1   0x20000540       0x94 C:/Users/Victor/Documents/sloeber-workspace/mp3-player/Release/arduino.ar(usart_f1.c.o)
 .data.usart2   0x200005d4       0x94 C:/Users/Victor/Documents/sloeber-workspace/mp3-player/Release/arduino.ar(usart_f1.c.o)
 .data.uart4    0x20000668       0x94 C:/Users/Victor/Documents/sloeber-workspace/mp3-player/Release/arduino.ar(usart_f1.c.o)
 .data.uart5    0x200006fc       0x94 C:/Users/Victor/Documents/sloeber-workspace/mp3-player/Release/arduino.ar(usart_f1.c.o)
 .data.UART4    0x20000790        0x4 C:/Users/Victor/Documents/sloeber-workspace/mp3-player/Release/arduino.ar(usart_f1.c.o)
                0x20000790                UART4
 .data.UART5    0x20000794        0x4 C:/Users/Victor/Documents/sloeber-workspace/mp3-player/Release/arduino.ar(usart_f1.c.o)
                0x20000794                UART5
 .data.SDIO     0x20000798        0x4 C:/Users/Victor/Documents/sloeber-workspace/mp3-player/Release/arduino.ar(sdio.cpp.o)
                0x20000798                SDIO
 .data.dly      0x2000079c        0x1 C:/Users/Victor/Documents/sloeber-workspace/mp3-player/Release/arduino.ar(sdio.cpp.o)
                0x2000079c                dly
 *fill*         0x2000079d        0x3 
 .data._ZN6wirish4privL8pll_dataE
                0x200007a0        0x4 C:/Users/Victor/Documents/sloeber-workspace/mp3-player/Release/arduino.ar(boards_setup.cpp.o)
 .data._ZN6wirish4priv9w_adc_smpE
                0x200007a4        0x1 C:/Users/Victor/Documents/sloeber-workspace/mp3-player/Release/arduino.ar(boards_setup.cpp.o)
                0x200007a4                wirish::priv::w_adc_smp
 *fill*         0x200007a5        0x1 
 .data._ZN6wirish4priv9w_adc_preE
                0x200007a6        0x2 C:/Users/Victor/Documents/sloeber-workspace/mp3-player/Release/arduino.ar(boards_setup.cpp.o)
                0x200007a6                wirish::priv::w_adc_pre
 .data._ZN6wirish4priv15w_board_pll_cfgE
                0x200007a8        0x8 C:/Users/Victor/Documents/sloeber-workspace/mp3-player/Release/arduino.ar(boards_setup.cpp.o)
                0x200007a8                wirish::priv::w_board_pll_cfg
 .data.impure_data
                0x200007b0       0x60 d:/linked_to_c/sloeber/arduinoplugin/packages/arduino/tools/arm-none-eabi-gcc/4.8.3-2014q1/bin/../lib/gcc/arm-none-eabi/4.8.3/../../../../arm-none-eabi/lib/armv7-m\libc_s.a(lib_a-impure.o)
 .data._impure_ptr
                0x20000810        0x4 d:/linked_to_c/sloeber/arduinoplugin/packages/arduino/tools/arm-none-eabi-gcc/4.8.3-2014q1/bin/../lib/gcc/arm-none-eabi/4.8.3/../../../../arm-none-eabi/lib/armv7-m\libc_s.a(lib_a-impure.o)
                0x20000810                _impure_ptr
                0x20000818                . = ALIGN (0x8)
 *fill*         0x20000814        0x4 
                0x20000818                __data_end__ = .

.jcr            0x20000818        0x0 load address 0x0800dfb8
 .jcr           0x20000818        0x0 d:/linked_to_c/sloeber/arduinoplugin/packages/arduino/tools/arm-none-eabi-gcc/4.8.3-2014q1/bin/../lib/gcc/arm-none-eabi/4.8.3/armv7-m/crtbegin.o

.igot.plt       0x20000818        0x0 load address 0x0800dfb8
 .igot.plt      0x00000000        0x0 d:/linked_to_c/sloeber/arduinoplugin/packages/arduino/tools/arm-none-eabi-gcc/4.8.3-2014q1/bin/../lib/gcc/arm-none-eabi/4.8.3/armv7-m/crtbegin.o

.rodata         0x0800dfb8     0x3d00
 *(.rodata .rodata.* .gnu.linkonce.r.*)
 .rodata._ZTV4File
                0x0800dfb8       0x28 ./.ino.cpp.o
                0x0800dfb8                vtable for File
 .rodata.str1.4
                0x0800dfe0       0xa9 ./.ino.cpp.o
                                 0xac (size before relaxing)
 *fill*         0x0800e089        0x3 
 .rodata.str1.4
                0x0800e08c        0xe ./I2S.cpp.o
                                 0x10 (size before relaxing)
 *fill*         0x0800e09a        0x6 
 .rodata._ZTV8I2SClass
                0x0800e0a0       0x38 ./I2S.cpp.o
                0x0800e0a0                vtable for I2SClass
 .rodata.str1.4
                0x0800e0d8       0x5b ./libraries/SPI/src/SPI.cpp.o
                                 0x60 (size before relaxing)
 *fill*         0x0800e133        0x5 
 .rodata._ZTV8SdioCard
                0x0800e138       0x20 ./libraries/SDIO/SdioF1.cpp.o
                0x0800e138                vtable for SdioCard
 .rodata.str1.4
                0x0800e158       0xfe ./libraries/SDIO/SdioF1.cpp.o
                                0x100 (size before relaxing)
 *fill*         0x0800e256        0x2 
 .rodata._ZL6dcttab
                0x0800e258       0xc0 ./Adafruit_MP3/src/dct32.cpp.o
 .rodata._ZL8poly43lo
                0x0800e318       0x14 ./Adafruit_MP3/src/dqchan.cpp.o
 .rodata._ZL6preTab
                0x0800e32c       0x18 ./Adafruit_MP3/src/dqchan.cpp.o
 .rodata._ZL8poly43hi
                0x0800e344       0x14 ./Adafruit_MP3/src/dqchan.cpp.o
 .rodata._ZL5pow43
                0x0800e358       0xc0 ./Adafruit_MP3/src/dqchan.cpp.o
 .rodata._ZL8pow2frac
                0x0800e418       0x20 ./Adafruit_MP3/src/dqchan.cpp.o
 .rodata._ZL8pow43_14
                0x0800e438      0x100 ./Adafruit_MP3/src/dqchan.cpp.o
 .rodata._ZL7pow2exp
                0x0800e538       0x20 ./Adafruit_MP3/src/dqchan.cpp.o
 .rodata._ZL5pow14
                0x0800e558       0x10 ./Adafruit_MP3/src/dqchan.cpp.o
 .rodata.xmp3_huffTabLookup
                0x0800e568      0x100 ./Adafruit_MP3/src/hufftabs.cpp.o
                0x0800e568                xmp3_huffTabLookup
 .rodata.xmp3_quadTabOffset
                0x0800e668        0x8 ./Adafruit_MP3/src/hufftabs.cpp.o
                0x0800e668                xmp3_quadTabOffset
 .rodata.xmp3_quadTabMaxBits
                0x0800e670        0x8 ./Adafruit_MP3/src/hufftabs.cpp.o
                0x0800e670                xmp3_quadTabMaxBits
 .rodata.xmp3_huffTabOffset
                0x0800e678       0x80 ./Adafruit_MP3/src/hufftabs.cpp.o
                0x0800e678                xmp3_huffTabOffset
 .rodata.xmp3_quadTable
                0x0800e6f8       0x50 ./Adafruit_MP3/src/hufftabs.cpp.o
                0x0800e6f8                xmp3_quadTable
 .rodata.xmp3_huffTable
                0x0800e748     0x2124 ./Adafruit_MP3/src/hufftabs.cpp.o
                0x0800e748                xmp3_huffTable
 .rodata._ZL3c18
                0x0801086c       0x24 ./Adafruit_MP3/src/imdct.cpp.o
 .rodata._ZL9fastWin36
                0x08010890       0x48 ./Adafruit_MP3/src/imdct.cpp.o
 .rodata.xmp3_samplesPerFrameTab
                0x080108d8       0x14 ./Adafruit_MP3/src/mp3tabs.cpp.o
                0x080108d8                xmp3_samplesPerFrameTab
 .rodata.xmp3_bitrateTab
                0x080108ec      0x110 ./Adafruit_MP3/src/mp3tabs.cpp.o
                0x080108ec                xmp3_bitrateTab
 .rodata.xmp3_sideBytesTab
                0x080109fc        0xc ./Adafruit_MP3/src/mp3tabs.cpp.o
                0x080109fc                xmp3_sideBytesTab
 .rodata.xmp3_slotTab
                0x08010a08      0x110 ./Adafruit_MP3/src/mp3tabs.cpp.o
                0x08010a08                xmp3_slotTab
 .rodata.xmp3_samplerateTab
                0x08010b18       0x24 ./Adafruit_MP3/src/mp3tabs.cpp.o
                0x08010b18                xmp3_samplerateTab
 .rodata.xmp3_sfBandTable
                0x08010b3c      0x29c ./Adafruit_MP3/src/mp3tabs.cpp.o
                0x08010b3c                xmp3_sfBandTable
 .rodata._ZL8SFLenTab
                0x08010dd8       0x20 ./Adafruit_MP3/src/scalfact.cpp.o
 .rodata._ZL5NRTab
                0x08010df8       0x48 ./Adafruit_MP3/src/scalfact.cpp.o
 .rodata.xmp3_polyCoef
                0x08010e40      0x420 ./Adafruit_MP3/src/trigtabs.cpp.o
                0x08010e40                xmp3_polyCoef
 .rodata.xmp3_imdctWin
                0x08011260      0x240 ./Adafruit_MP3/src/trigtabs.cpp.o
                0x08011260                xmp3_imdctWin
 .rodata.PIN_MAP
                0x080114a0      0x330 C:/Users/Victor/Documents/sloeber-workspace/mp3-player/Release/arduino.ar(board.cpp.o)
                0x080114a0                PIN_MAP
 .rodata.str1.4
                0x080117d0       0x7c C:/Users/Victor/Documents/sloeber-workspace/mp3-player/Release/arduino.ar(usb.c.o)
 .rodata.usbVcomDescriptor_iProduct
                0x0801184c        0xc C:/Users/Victor/Documents/sloeber-workspace/mp3-player/Release/arduino.ar(usb_cdcacm.c.o)
 .rodata.usbVcomDescriptor_iManufacturer
                0x08011858       0x14 C:/Users/Victor/Documents/sloeber-workspace/mp3-player/Release/arduino.ar(usb_cdcacm.c.o)
 .rodata.usbVcomDescriptor_Device
                0x0801186c       0x14 C:/Users/Victor/Documents/sloeber-workspace/mp3-player/Release/arduino.ar(usb_cdcacm.c.o)
 .rodata.usbVcomDescriptor_Config
                0x08011880       0x44 C:/Users/Victor/Documents/sloeber-workspace/mp3-player/Release/arduino.ar(usb_cdcacm.c.o)
 .rodata.usbVcomDescriptor_LangID
                0x080118c4        0x4 C:/Users/Victor/Documents/sloeber-workspace/mp3-player/Release/arduino.ar(usb_cdcacm.c.o)
 .rodata.str1.4